Jun 15 17:55:13 cu-cs-vm rsyslogd: [origin software="rsyslogd" swVersion="8.16.0" x-pid="691" x-info="http://www.rsyslog.com"] rsyslogd was HUPed
Jun 15 17:55:21 cu-cs-vm anacron[780]: Job `cron.daily' terminated
Jun 15 18:00:13 cu-cs-vm anacron[780]: Job `cron.weekly' started
Jun 15 18:00:13 cu-cs-vm anacron[5309]: Updated timestamp for job `cron.weekly' to 2017-06-15
Jun 15 18:00:13 cu-cs-vm uptimed: moving up to position 8: 0 days, 00:10:04
Jun 15 18:00:43 cu-cs-vm anacron[780]: Job `cron.weekly' terminated
Jun 15 18:00:43 cu-cs-vm anacron[780]: Normal exit (2 jobs run)
Jun 15 18:05:12 cu-cs-vm systemd[1]: Starting Cleanup of Temporary Directories...
Jun 15 18:05:12 cu-cs-vm systemd-tmpfiles[5381]: [/usr/lib/tmpfiles.d/var.conf:14] Duplicate line for path "/var/log", ignoring.
Jun 15 18:05:12 cu-cs-vm systemd[1]: Started Cleanup of Temporary Directories.
Jun 15 18:10:13 cu-cs-vm uptimed: moving up to position 4: 0 days, 00:20:04
Jun 15 18:17:02 cu-cs-vm CRON[5499]: (root) CMD (   cd / && run-parts --report /etc/cron.hourly)
Jun 15 18:30:13 cu-cs-vm uptimed: moving up to position 2: 0 days, 00:40:04
Jun 15 18:50:13 cu-cs-vm uptimed: new uptime record: 0 days, 01:00:04
Jun 15 19:17:01 cu-cs-vm CRON[5916]: (root) CMD (   cd / && run-parts --report /etc/cron.hourly)
Jun 15 20:17:01 cu-cs-vm CRON[6087]: (root) CMD (   cd / && run-parts --report /etc/cron.hourly)
Jun 15 21:02:55 cu-cs-vm systemd[1]: snapd.refresh.timer: Adding 5h 23min 50.582631s random time.
Jun 15 21:17:01 cu-cs-vm CRON[6253]: (root) CMD (   cd / && run-parts --report /etc/cron.hourly)
Jun 15 21:48:46 cu-cs-vm vboxadd.sh: Building Guest Additions kernel modules.
Jun 15 21:49:05 cu-cs-vm systemd[1]: Stopping Disk Manager...
Jun 15 21:49:05 cu-cs-vm systemd[1]: Stopping Save/Restore Sound Card State...
Jun 15 21:49:05 cu-cs-vm systemd[1]: Stopping RealtimeKit Scheduling Policy Service...
Jun 15 21:49:05 cu-cs-vm systemd[1]: Stopping Session c1 of user user.
Jun 15 21:49:05 cu-cs-vm systemd[1]: Stopping Daemon for power management...
Jun 15 21:49:05 cu-cs-vm systemd[1]: Stopped target Graphical Interface.
Jun 15 21:49:05 cu-cs-vm systemd[1]: Closed Load/Save RF Kill Switch Status /dev/rfkill Watch.
Jun 15 21:49:05 cu-cs-vm systemd[1]: Stopping Daemon for generating UUIDs...
Jun 15 21:49:05 cu-cs-vm systemd[1]: Stopping Light Display Manager...
Jun 15 21:49:05 cu-cs-vm systemd[1]: Stopped target Multi-User System.
Jun 15 21:49:05 cu-cs-vm systemd[1]: Stopped Initialize hardware monitoring sensors.
Jun 15 21:49:05 cu-cs-vm systemd[1]: Stopping LSB: Set the CPU Frequency Scaling governor to "ondemand"...
Jun 15 21:49:05 cu-cs-vm systemd[1]: Stopping vboxadd-service.service...
Jun 15 21:49:05 cu-cs-vm systemd[1]: Stopping OpenBSD Secure Shell server...
Jun 15 21:49:05 cu-cs-vm systemd[1]: Stopped target Timers.
Jun 15 21:49:05 cu-cs-vm systemd[1]: Stopped Daily Cleanup of Temporary Directories.
Jun 15 21:49:05 cu-cs-vm systemd[1]: Stopping uptime record daemon...
Jun 15 21:49:05 cu-cs-vm systemd[1]: Stopping Accounts Service...
Jun 15 21:49:05 cu-cs-vm systemd[1]: Stopping LSB: disk temperature monitoring daemon...
Jun 15 21:49:05 cu-cs-vm systemd[1]: Stopping vboxadd-x11.service...
Jun 15 21:49:05 cu-cs-vm systemd[1]: Stopping LSB: automatic crash report generation...
Jun 15 17:55:14 cu-cs-vm rsyslogd: [origin software="rsyslogd" swVersion="8.16.0" x-pid="691" x-info="http://www.rsyslog.com"] rsyslogd was HUPed
Jun 15 21:49:06 cu-cs-vm rsyslogd: [origin software="rsyslogd" swVersion="8.16.0" x-pid="691" x-info="http://www.rsyslog.com"] exiting on signal 15.
Jun 15 21:49:42 cu-cs-vm rsyslogd: [origin software="rsyslogd" swVersion="8.16.0" x-pid="702" x-info="http://www.rsyslog.com"] start
Jun 15 21:49:42 cu-cs-vm rsyslogd-2222: command 'KLogPermitNonKernelFacility' is currently not permitted - did you already set it via a RainerScript command (v6+ config)? [v8.16.0 try http://www.rsyslog.com/e/2222 ]
Jun 15 21:49:42 cu-cs-vm rsyslogd: rsyslogd's groupid changed to 108
Jun 15 21:49:42 cu-cs-vm rsyslogd: rsyslogd's userid changed to 104
Jun 15 21:49:42 cu-cs-vm kernel: [    0.000000] Initializing cgroup subsys cpuset
Jun 15 21:49:42 cu-cs-vm kernel: [    0.000000] Initializing cgroup subsys cpu
Jun 15 21:49:42 cu-cs-vm kernel: [    0.000000] Initializing cgroup subsys cpuacct
Jun 15 21:49:42 cu-cs-vm kernel: [    0.000000] Linux version 4.4.67lucas-revision-1 (root@cu-cs-vm) (gcc version 5.4.0 20160609 (Ubuntu 5.4.0-6ubuntu1~16.04.4) ) #2 SMP Thu Jun 15 21:45:58 MDT 2017 (Ubuntu 4.4.0-79.100-generic 4.4.67)
Jun 15 21:49:42 cu-cs-vm kernel: [    0.000000] Command line: BOOT_IMAGE=/@/boot/vmlinuz-4.4.67lucas-revision-1 root=UUID=cdc63320-d9b3-4941-85c9-01e6f9786fb3 ro rootflags=subvol=@ crashkernel=384M-:128M
Jun 15 21:49:42 cu-cs-vm kernel: [    0.000000] KERNEL supported cpus:
Jun 15 21:49:42 cu-cs-vm kernel: [    0.000000]   Intel GenuineIntel
Jun 15 21:49:42 cu-cs-vm kernel: [    0.000000]   AMD AuthenticAMD
Jun 15 21:49:42 cu-cs-vm kernel: [    0.000000]   Centaur CentaurHauls
Jun 15 21:49:42 cu-cs-vm kernel: [    0.000000] x86/fpu: xstate_offset[2]:  576, xstate_sizes[2]:  256
Jun 15 21:49:42 cu-cs-vm kernel: [    0.000000] x86/fpu: Supporting XSAVE feature 0x01: 'x87 floating point registers'
Jun 15 21:49:42 cu-cs-vm kernel: [    0.000000] x86/fpu: Supporting XSAVE feature 0x02: 'SSE registers'
Jun 15 21:49:42 cu-cs-vm kernel: [    0.000000] x86/fpu: Supporting XSAVE feature 0x04: 'AVX registers'
Jun 15 21:49:42 cu-cs-vm kernel: [    0.000000] x86/fpu: Enabled xstate features 0x7, context size is 832 bytes, using 'standard' format.
Jun 15 21:49:42 cu-cs-vm kernel: [    0.000000] x86/fpu: Using 'lazy' FPU context switches.
Jun 15 21:49:42 cu-cs-vm kernel: [    0.000000] e820: BIOS-provided physical RAM map:
Jun 15 21:49:42 cu-cs-vm kernel: [    0.000000] BIOS-e820: [mem 0x0000000000000000-0x000000000009fbff] usable
Jun 15 21:49:42 cu-cs-vm kernel: [    0.000000] BIOS-e820: [mem 0x000000000009fc00-0x000000000009ffff] reserved
Jun 15 21:49:42 cu-cs-vm kernel: [    0.000000] BIOS-e820: [mem 0x00000000000f0000-0x00000000000fffff] reserved
Jun 15 21:49:42 cu-cs-vm kernel: [    0.000000] BIOS-e820: [mem 0x0000000000100000-0x00000000dbfeffff] usable
Jun 15 21:49:42 cu-cs-vm kernel: [    0.000000] BIOS-e820: [mem 0x00000000dbff0000-0x00000000dbffffff] ACPI data
Jun 15 21:49:42 cu-cs-vm kernel: [    0.000000] BIOS-e820: [mem 0x00000000fffc0000-0x00000000ffffffff] reserved
Jun 15 21:49:42 cu-cs-vm kernel: [    0.000000] BIOS-e820: [mem 0x0000000100000000-0x0000000123ffffff] usable
Jun 15 21:49:42 cu-cs-vm kernel: [    0.000000] NX (Execute Disable) protection: active
Jun 15 21:49:42 cu-cs-vm kernel: [    0.000000] SMBIOS 2.5 present.
Jun 15 21:49:42 cu-cs-vm kernel: [    0.000000] DMI: innotek GmbH VirtualBox/VirtualBox, BIOS VirtualBox 12/01/2006
Jun 15 21:49:42 cu-cs-vm kernel: [    0.000000] Hypervisor detected: KVM
Jun 15 21:49:42 cu-cs-vm kernel: [    0.000000] e820: update [mem 0x00000000-0x00000fff] usable ==> reserved
Jun 15 21:49:42 cu-cs-vm kernel: [    0.000000] e820: remove [mem 0x000a0000-0x000fffff] usable
Jun 15 21:49:42 cu-cs-vm kernel: [    0.000000] e820: last_pfn = 0x124000 max_arch_pfn = 0x400000000
Jun 15 21:49:42 cu-cs-vm kernel: [    0.000000] MTRR default type: uncachable
Jun 15 21:49:42 cu-cs-vm kernel: [    0.000000] MTRR variable ranges disabled:
Jun 15 21:49:42 cu-cs-vm kernel: [    0.000000] MTRR: Disabled
Jun 15 21:49:42 cu-cs-vm kernel: [    0.000000] x86/PAT: MTRRs disabled, skipping PAT initialization too.
Jun 15 21:49:42 cu-cs-vm kernel: [    0.000000] x86/PAT: Configuration [0-7]: WB  WT  UC- UC  WB  WT  UC- UC  
Jun 15 21:49:42 cu-cs-vm kernel: [    0.000000] CPU MTRRs all blank - virtualized system.
Jun 15 21:49:42 cu-cs-vm kernel: [    0.000000] e820: last_pfn = 0xdbff0 max_arch_pfn = 0x400000000
Jun 15 21:49:42 cu-cs-vm kernel: [    0.000000] found SMP MP-table at [mem 0x0009fff0-0x0009ffff] mapped at [ffff88000009fff0]
Jun 15 21:49:42 cu-cs-vm kernel: [    0.000000] Scanning 1 areas for low memory corruption
Jun 15 21:49:42 cu-cs-vm kernel: [    0.000000] Base memory trampoline at [ffff880000099000] 99000 size 24576
Jun 15 21:49:42 cu-cs-vm kernel: [    0.000000] BRK [0x02205000, 0x02205fff] PGTABLE
Jun 15 21:49:42 cu-cs-vm kernel: [    0.000000] BRK [0x02206000, 0x02206fff] PGTABLE
Jun 15 21:49:42 cu-cs-vm kernel: [    0.000000] BRK [0x02207000, 0x02207fff] PGTABLE
Jun 15 21:49:42 cu-cs-vm kernel: [    0.000000] BRK [0x02208000, 0x02208fff] PGTABLE
Jun 15 21:49:42 cu-cs-vm kernel: [    0.000000] RAMDISK: [mem 0x335aa000-0x35accfff]
Jun 15 21:49:42 cu-cs-vm kernel: [    0.000000] ACPI: Early table checksum verification disabled
Jun 15 21:49:42 cu-cs-vm kernel: [    0.000000] ACPI: RSDP 0x00000000000E0000 000024 (v02 VBOX  )
Jun 15 21:49:42 cu-cs-vm kernel: [    0.000000] ACPI: XSDT 0x00000000DBFF0040 00004C (v01 VBOX   VBOXXSDT 00000001 ASL  00000061)
Jun 15 21:49:42 cu-cs-vm kernel: [    0.000000] ACPI: FACP 0x00000000DBFF0110 0000F4 (v04 VBOX   VBOXFACP 00000001 ASL  00000061)
Jun 15 21:49:42 cu-cs-vm kernel: [    0.000000] ACPI: DSDT 0x00000000DBFF0540 002118 (v01 VBOX   VBOXBIOS 00000002 INTL 20160108)
Jun 15 21:49:42 cu-cs-vm kernel: [    0.000000] ACPI: FACS 0x00000000DBFF0240 000040
Jun 15 21:49:42 cu-cs-vm kernel: [    0.000000] ACPI: FACS 0x00000000DBFF0240 000040
Jun 15 21:49:42 cu-cs-vm kernel: [    0.000000] ACPI: APIC 0x00000000DBFF0280 00006C (v02 VBOX   VBOXAPIC 00000001 ASL  00000061)
Jun 15 21:49:42 cu-cs-vm kernel: [    0.000000] ACPI: HPET 0x00000000DBFF02F0 000038 (v01 VBOX   VBOXHPET 00000001 ASL  00000061)
Jun 15 21:49:42 cu-cs-vm kernel: [    0.000000] ACPI: MCFG 0x00000000DBFF0330 00003C (v01 VBOX   VBOXMCFG 00000001 ASL  00000061)
Jun 15 21:49:42 cu-cs-vm kernel: [    0.000000] ACPI: SSDT 0x00000000DBFF0370 0001CC (v01 VBOX   VBOXCPUT 00000002 INTL 20160108)
Jun 15 21:49:42 cu-cs-vm kernel: [    0.000000] ACPI: Local APIC address 0xfee00000
Jun 15 21:49:42 cu-cs-vm kernel: [    0.000000] No NUMA configuration found
Jun 15 21:49:42 cu-cs-vm kernel: [    0.000000] Faking a node at [mem 0x0000000000000000-0x0000000123ffffff]
Jun 15 21:49:42 cu-cs-vm kernel: [    0.000000] NODE_DATA(0) allocated [mem 0x123ff7000-0x123ffbfff]
Jun 15 21:49:42 cu-cs-vm kernel: [    0.000000] Reserving 128MB of memory at 688MB for crashkernel (System RAM: 4095MB)
Jun 15 21:49:42 cu-cs-vm kernel: [    0.000000] kvm-clock: Using msrs 4b564d01 and 4b564d00
Jun 15 21:49:42 cu-cs-vm kernel: [    0.000000] kvm-clock: cpu 0, msr 1:23fef001, primary cpu clock
Jun 15 21:49:42 cu-cs-vm kernel: [    0.000000] kvm-clock: using sched offset of 22770053279 cycles
Jun 15 21:49:42 cu-cs-vm kernel: [    0.000000] clocksource: kvm-clock: mask: 0xffffffffffffffff max_cycles: 0x1cd42e4dffb, max_idle_ns: 881590591483 ns
Jun 15 21:49:42 cu-cs-vm kernel: [    0.000000] Zone ranges:
Jun 15 21:49:42 cu-cs-vm kernel: [    0.000000]   DMA      [mem 0x0000000000001000-0x0000000000ffffff]
Jun 15 21:49:42 cu-cs-vm kernel: [    0.000000]   DMA32    [mem 0x0000000001000000-0x00000000ffffffff]
Jun 15 21:49:42 cu-cs-vm kernel: [    0.000000]   Normal   [mem 0x0000000100000000-0x0000000123ffffff]
Jun 15 21:49:42 cu-cs-vm kernel: [    0.000000]   Device   empty
Jun 15 21:49:42 cu-cs-vm kernel: [    0.000000] Movable zone start for each node
Jun 15 21:49:42 cu-cs-vm kernel: [    0.000000] Early memory node ranges
Jun 15 21:49:42 cu-cs-vm kernel: [    0.000000]   node   0: [mem 0x0000000000001000-0x000000000009efff]
Jun 15 21:49:42 cu-cs-vm kernel: [    0.000000]   node   0: [mem 0x0000000000100000-0x00000000dbfeffff]
Jun 15 21:49:42 cu-cs-vm kernel: [    0.000000]   node   0: [mem 0x0000000100000000-0x0000000123ffffff]
Jun 15 21:49:42 cu-cs-vm kernel: [    0.000000] Initmem setup node 0 [mem 0x0000000000001000-0x0000000123ffffff]
Jun 15 21:49:42 cu-cs-vm kernel: [    0.000000] On node 0 totalpages: 1048462
Jun 15 21:49:42 cu-cs-vm kernel: [    0.000000]   DMA zone: 64 pages used for memmap
Jun 15 21:49:42 cu-cs-vm kernel: [    0.000000]   DMA zone: 21 pages reserved
Jun 15 21:49:42 cu-cs-vm kernel: [    0.000000]   DMA zone: 3998 pages, LIFO batch:0
Jun 15 21:49:42 cu-cs-vm kernel: [    0.000000]   DMA32 zone: 14016 pages used for memmap
Jun 15 21:49:42 cu-cs-vm kernel: [    0.000000]   DMA32 zone: 897008 pages, LIFO batch:31
Jun 15 21:49:42 cu-cs-vm kernel: [    0.000000]   Normal zone: 2304 pages used for memmap
Jun 15 21:49:42 cu-cs-vm kernel: [    0.000000]   Normal zone: 147456 pages, LIFO batch:31
Jun 15 21:49:42 cu-cs-vm kernel: [    0.000000] ACPI: PM-Timer IO Port: 0x4008
Jun 15 21:49:42 cu-cs-vm kernel: [    0.000000] ACPI: Local APIC address 0xfee00000
Jun 15 21:49:42 cu-cs-vm kernel: [    0.000000] IOAPIC[0]: apic_id 4, version 17, address 0xfec00000, GSI 0-23
Jun 15 21:49:42 cu-cs-vm kernel: [    0.000000] ACPI: INT_SRC_OVR (bus 0 bus_irq 0 global_irq 2 dfl dfl)
Jun 15 21:49:42 cu-cs-vm kernel: [    0.000000] ACPI: INT_SRC_OVR (bus 0 bus_irq 9 global_irq 9 high level)
Jun 15 21:49:42 cu-cs-vm kernel: [    0.000000] ACPI: IRQ0 used by override.
Jun 15 21:49:42 cu-cs-vm kernel: [    0.000000] ACPI: IRQ9 used by override.
Jun 15 21:49:42 cu-cs-vm kernel: [    0.000000] Using ACPI (MADT) for SMP configuration information
Jun 15 21:49:42 cu-cs-vm kernel: [    0.000000] ACPI: HPET id: 0x8086a201 base: 0xfed00000
Jun 15 21:49:42 cu-cs-vm kernel: [    0.000000] smpboot: Allowing 4 CPUs, 0 hotplug CPUs
Jun 15 21:49:42 cu-cs-vm kernel: [    0.000000] PM: Registered nosave memory: [mem 0x00000000-0x00000fff]
Jun 15 21:49:42 cu-cs-vm kernel: [    0.000000] PM: Registered nosave memory: [mem 0x0009f000-0x0009ffff]
Jun 15 21:49:42 cu-cs-vm kernel: [    0.000000] PM: Registered nosave memory: [mem 0x000a0000-0x000effff]
Jun 15 21:49:42 cu-cs-vm kernel: [    0.000000] PM: Registered nosave memory: [mem 0x000f0000-0x000fffff]
Jun 15 21:49:42 cu-cs-vm kernel: [    0.000000] PM: Registered nosave memory: [mem 0xdbff0000-0xdbffffff]
Jun 15 21:49:42 cu-cs-vm kernel: [    0.000000] PM: Registered nosave memory: [mem 0xdc000000-0xfffbffff]
Jun 15 21:49:42 cu-cs-vm kernel: [    0.000000] PM: Registered nosave memory: [mem 0xfffc0000-0xffffffff]
Jun 15 21:49:42 cu-cs-vm kernel: [    0.000000] e820: [mem 0xdc000000-0xfffbffff] available for PCI devices
Jun 15 21:49:42 cu-cs-vm kernel: [    0.000000] Booting paravirtualized kernel on KVM
Jun 15 21:49:42 cu-cs-vm kernel: [    0.000000] clocksource: refined-jiffies: mask: 0xffffffff max_cycles: 0xffffffff, max_idle_ns: 7645519600211568 ns
Jun 15 21:49:42 cu-cs-vm kernel: [    0.000000] setup_percpu: NR_CPUS:512 nr_cpumask_bits:512 nr_cpu_ids:4 nr_node_ids:1
Jun 15 21:49:42 cu-cs-vm kernel: [    0.000000] PERCPU: Embedded 33 pages/cpu @ffff880123c00000 s98200 r8192 d28776 u524288
Jun 15 21:49:42 cu-cs-vm kernel: [    0.000000] pcpu-alloc: s98200 r8192 d28776 u524288 alloc=1*2097152
Jun 15 21:49:42 cu-cs-vm kernel: [    0.000000] pcpu-alloc: [0] 0 1 2 3 
Jun 15 21:49:42 cu-cs-vm kernel: [    0.000000] PV qspinlock hash table entries: 256 (order: 0, 4096 bytes)
Jun 15 21:49:42 cu-cs-vm kernel: [    0.000000] Built 1 zonelists in Node order, mobility grouping on.  Total pages: 1032057
Jun 15 21:49:42 cu-cs-vm kernel: [    0.000000] Policy zone: Normal
Jun 15 21:49:42 cu-cs-vm kernel: [    0.000000] Kernel command line: BOOT_IMAGE=/@/boot/vmlinuz-4.4.67lucas-revision-1 root=UUID=cdc63320-d9b3-4941-85c9-01e6f9786fb3 ro rootflags=subvol=@ crashkernel=384M-:128M
Jun 15 21:49:42 cu-cs-vm kernel: [    0.000000] PID hash table entries: 4096 (order: 3, 32768 bytes)
Jun 15 21:49:42 cu-cs-vm kernel: [    0.000000] Calgary: detecting Calgary via BIOS EBDA area
Jun 15 21:49:42 cu-cs-vm kernel: [    0.000000] Calgary: Unable to locate Rio Grande table in EBDA - bailing!
Jun 15 21:49:42 cu-cs-vm kernel: [    0.000000] Memory: 3871704K/4193848K available (8292K kernel code, 1280K rwdata, 3836K rodata, 1476K init, 1316K bss, 322144K reserved, 0K cma-reserved)
Jun 15 21:49:42 cu-cs-vm kernel: [    0.000000] SLUB: HWalign=64, Order=0-3, MinObjects=0, CPUs=4, Nodes=1
Jun 15 21:49:42 cu-cs-vm kernel: [    0.000000] Hierarchical RCU implementation.
Jun 15 21:49:42 cu-cs-vm kernel: [    0.000000] 	Build-time adjustment of leaf fanout to 64.
Jun 15 21:49:42 cu-cs-vm kernel: [    0.000000] 	RCU restricting CPUs from NR_CPUS=512 to nr_cpu_ids=4.
Jun 15 21:49:42 cu-cs-vm kernel: [    0.000000] RCU: Adjusting geometry for rcu_fanout_leaf=64, nr_cpu_ids=4
Jun 15 21:49:42 cu-cs-vm kernel: [    0.000000] NR_IRQS:33024 nr_irqs:456 16
Jun 15 21:49:42 cu-cs-vm kernel: [    0.000000] Console: colour VGA+ 80x25
Jun 15 21:49:42 cu-cs-vm kernel: [    0.000000] console [tty0] enabled
Jun 15 21:49:42 cu-cs-vm kernel: [    0.000000] clocksource: hpet: mask: 0xffffffff max_cycles: 0xffffffff, max_idle_ns: 133484882848 ns
Jun 15 21:49:42 cu-cs-vm kernel: [    0.000000] hpet clockevent registered
Jun 15 21:49:42 cu-cs-vm kernel: [    0.000000] tsc: Detected 2494.224 MHz processor
Jun 15 21:49:42 cu-cs-vm kernel: [    0.092827] Calibrating delay loop (skipped) preset value.. 4988.44 BogoMIPS (lpj=9976896)
Jun 15 21:49:42 cu-cs-vm kernel: [    0.093439] pid_max: default: 32768 minimum: 301
Jun 15 21:49:42 cu-cs-vm kernel: [    0.093761] ACPI: Core revision 20150930
Jun 15 21:49:42 cu-cs-vm kernel: [    0.094839] ACPI: 2 ACPI AML tables successfully acquired and loaded
Jun 15 21:49:42 cu-cs-vm kernel: [    0.095270] Security Framework initialized
Jun 15 21:49:42 cu-cs-vm kernel: [    0.095562] Yama: becoming mindful.
Jun 15 21:49:42 cu-cs-vm kernel: [    0.095851] AppArmor: AppArmor initialized
Jun 15 21:49:42 cu-cs-vm kernel: [    0.096627] Dentry cache hash table entries: 524288 (order: 10, 4194304 bytes)
Jun 15 21:49:42 cu-cs-vm kernel: [    0.098199] Inode-cache hash table entries: 262144 (order: 9, 2097152 bytes)
Jun 15 21:49:42 cu-cs-vm kernel: [    0.098803] Mount-cache hash table entries: 8192 (order: 4, 65536 bytes)
Jun 15 21:49:42 cu-cs-vm kernel: [    0.099440] Mountpoint-cache hash table entries: 8192 (order: 4, 65536 bytes)
Jun 15 21:49:42 cu-cs-vm kernel: [    0.099968] Initializing cgroup subsys io
Jun 15 21:49:42 cu-cs-vm kernel: [    0.100281] Initializing cgroup subsys memory
Jun 15 21:49:42 cu-cs-vm kernel: [    0.100632] Initializing cgroup subsys devices
Jun 15 21:49:42 cu-cs-vm kernel: [    0.100982] Initializing cgroup subsys freezer
Jun 15 21:49:42 cu-cs-vm kernel: [    0.101324] Initializing cgroup subsys net_cls
Jun 15 21:49:42 cu-cs-vm kernel: [    0.101735] Initializing cgroup subsys perf_event
Jun 15 21:49:42 cu-cs-vm kernel: [    0.102035] Initializing cgroup subsys net_prio
Jun 15 21:49:42 cu-cs-vm kernel: [    0.102334] Initializing cgroup subsys hugetlb
Jun 15 21:49:42 cu-cs-vm kernel: [    0.102627] Initializing cgroup subsys pids
Jun 15 21:49:42 cu-cs-vm kernel: [    0.102975] CPU: Physical Processor ID: 0
Jun 15 21:49:42 cu-cs-vm kernel: [    0.103257] CPU: Processor Core ID: 0
Jun 15 21:49:42 cu-cs-vm kernel: [    0.104273] mce: CPU supports 0 MCE banks
Jun 15 21:49:42 cu-cs-vm kernel: [    0.104572] Last level iTLB entries: 4KB 1024, 2MB 1024, 4MB 1024
Jun 15 21:49:42 cu-cs-vm kernel: [    0.104933] Last level dTLB entries: 4KB 1024, 2MB 1024, 4MB 1024, 1GB 4
Jun 15 21:49:42 cu-cs-vm kernel: [    0.106761] Freeing SMP alternatives memory: 28K (ffffffff820b3000 - ffffffff820ba000)
Jun 15 21:49:42 cu-cs-vm kernel: [    0.113544] ftrace: allocating 31389 entries in 123 pages
Jun 15 21:49:42 cu-cs-vm kernel: [    0.145066] smpboot: APIC(0) Converting physical 0 to logical package 0
Jun 15 21:49:42 cu-cs-vm kernel: [    0.145434] smpboot: Max logical packages: 1
Jun 15 21:49:42 cu-cs-vm kernel: [    0.146768] ..TIMER: vector=0x30 apic1=0 pin1=2 apic2=-1 pin2=-1
Jun 15 21:49:42 cu-cs-vm kernel: [    0.249392] APIC calibration not consistent with PM-Timer: 96ms instead of 100ms
Jun 15 21:49:42 cu-cs-vm kernel: [    0.249955] APIC delta adjusted to PM-Timer: 6249986 (6051009)
Jun 15 21:49:42 cu-cs-vm kernel: [    0.250309] smpboot: CPU0: Intel(R) Core(TM) i7-4710HQ CPU @ 2.50GHz (family: 0x6, model: 0x3c, stepping: 0x3)
Jun 15 21:49:42 cu-cs-vm kernel: [    0.251003] Performance Events: unsupported p6 CPU model 60 no PMU driver, software events only.
Jun 15 21:49:42 cu-cs-vm kernel: [    0.251648] KVM setup paravirtual spinlock
Jun 15 21:49:42 cu-cs-vm kernel: [    0.252724] x86: Booting SMP configuration:
Jun 15 21:49:42 cu-cs-vm kernel: [    0.253016] .... node  #0, CPUs:      #1
Jun 15 21:49:42 cu-cs-vm kernel: [    0.253491] kvm-clock: cpu 1, msr 1:23fef041, secondary cpu clock
Jun 15 21:49:42 cu-cs-vm kernel: [    0.254405] mce: CPU supports 0 MCE banks
Jun 15 21:49:42 cu-cs-vm kernel: [    0.256502]  #2<6>[    0.257576] kvm-clock: cpu 2, msr 1:23fef081, secondary cpu clock
Jun 15 21:49:42 cu-cs-vm kernel: [    0.258461] mce: CPU supports 0 MCE banks
Jun 15 21:49:42 cu-cs-vm kernel: [    0.261753]  #3
Jun 15 21:49:42 cu-cs-vm kernel: [    0.261753] kvm-clock: cpu 3, msr 1:23fef0c1, secondary cpu clock
Jun 15 21:49:42 cu-cs-vm kernel: [    0.262673] mce: CPU supports 0 MCE banks
Jun 15 21:49:42 cu-cs-vm kernel: [    0.264736] x86: Booted up 1 node, 4 CPUs
Jun 15 21:49:42 cu-cs-vm kernel: [    0.265899] smpboot: Total of 4 processors activated (19953.79 BogoMIPS)
Jun 15 21:49:42 cu-cs-vm kernel: [    0.266728] devtmpfs: initialized
Jun 15 21:49:42 cu-cs-vm kernel: [    0.268310] evm: security.selinux
Jun 15 21:49:42 cu-cs-vm kernel: [    0.268578] evm: security.SMACK64
Jun 15 21:49:42 cu-cs-vm kernel: [    0.268897] evm: security.SMACK64EXEC
Jun 15 21:49:42 cu-cs-vm kernel: [    0.269171] evm: security.SMACK64TRANSMUTE
Jun 15 21:49:42 cu-cs-vm kernel: [    0.269477] evm: security.SMACK64MMAP
Jun 15 21:49:42 cu-cs-vm kernel: [    0.269783] evm: security.ima
Jun 15 21:49:42 cu-cs-vm kernel: [    0.270042] evm: security.capability
Jun 15 21:49:42 cu-cs-vm kernel: [    0.270609] clocksource: jiffies: mask: 0xffffffff max_cycles: 0xffffffff, max_idle_ns: 7645041785100000 ns
Jun 15 21:49:42 cu-cs-vm kernel: [    0.271211] futex hash table entries: 1024 (order: 4, 65536 bytes)
Jun 15 21:49:42 cu-cs-vm kernel: [    0.271712] pinctrl core: initialized pinctrl subsystem
Jun 15 21:49:42 cu-cs-vm kernel: [    0.272106] RTC time:  3:49:39, date: 06/16/17
Jun 15 21:49:42 cu-cs-vm kernel: [    0.272462] NET: Registered protocol family 16
Jun 15 21:49:42 cu-cs-vm kernel: [    0.282910] cpuidle: using governor ladder
Jun 15 21:49:42 cu-cs-vm kernel: [    0.294323] cpuidle: using governor menu
Jun 15 21:49:42 cu-cs-vm kernel: [    0.294717] PCCT header not found.
Jun 15 21:49:42 cu-cs-vm kernel: [    0.295080] ACPI: bus type PCI registered
Jun 15 21:49:42 cu-cs-vm kernel: [    0.295384] acpiphp: ACPI Hot Plug PCI Controller Driver version: 0.5
Jun 15 21:49:42 cu-cs-vm kernel: [    0.295841] PCI: MMCONFIG for domain 0000 [bus 00-3f] at [mem 0xdc000000-0xdfffffff] (base 0xdc000000)
Jun 15 21:49:42 cu-cs-vm kernel: [    0.296460] PCI: not using MMCONFIG
Jun 15 21:49:42 cu-cs-vm kernel: [    0.296754] PCI: Using configuration type 1 for base access
Jun 15 21:49:42 cu-cs-vm kernel: [    0.308066] ACPI: Added _OSI(Module Device)
Jun 15 21:49:42 cu-cs-vm kernel: [    0.308422] ACPI: Added _OSI(Processor Device)
Jun 15 21:49:42 cu-cs-vm kernel: [    0.308790] ACPI: Added _OSI(3.0 _SCP Extensions)
Jun 15 21:49:42 cu-cs-vm kernel: [    0.309151] ACPI: Added _OSI(Processor Aggregator Device)
Jun 15 21:49:42 cu-cs-vm kernel: [    0.318961] ACPI: Executed 1 blocks of module-level executable AML code
Jun 15 21:49:42 cu-cs-vm kernel: [    0.321085] ACPI: Interpreter enabled
Jun 15 21:49:42 cu-cs-vm kernel: [    0.321409] ACPI: (supports S0 S5)
Jun 15 21:49:42 cu-cs-vm kernel: [    0.321732] ACPI: Using IOAPIC for interrupt routing
Jun 15 21:49:42 cu-cs-vm kernel: [    0.322217] PCI: MMCONFIG for domain 0000 [bus 00-3f] at [mem 0xdc000000-0xdfffffff] (base 0xdc000000)
Jun 15 21:49:42 cu-cs-vm kernel: [    0.323017] PCI: MMCONFIG at [mem 0xdc000000-0xdfffffff] reserved in ACPI motherboard resources
Jun 15 21:49:42 cu-cs-vm kernel: [    0.323647] PCI: Using host bridge windows from ACPI; if necessary, use "pci=nocrs" and report a bug
Jun 15 21:49:42 cu-cs-vm kernel: [    0.327153] ACPI: PCI Root Bridge [PCI0] (domain 0000 [bus 00-ff])
Jun 15 21:49:42 cu-cs-vm kernel: [    0.327533] acpi PNP0A03:00: _OSC: OS supports [ExtendedConfig ASPM ClockPM Segments MSI]
Jun 15 21:49:42 cu-cs-vm kernel: [    0.328143] acpi PNP0A03:00: _OSC failed (AE_NOT_FOUND); disabling ASPM
Jun 15 21:49:42 cu-cs-vm kernel: [    0.328534] acpi PNP0A03:00: [Firmware Info]: MMCONFIG for domain 0000 [bus 00-3f] only partially covers this bridge
Jun 15 21:49:42 cu-cs-vm kernel: [    0.329397] PCI host bridge to bus 0000:00
Jun 15 21:49:42 cu-cs-vm kernel: [    0.329728] pci_bus 0000:00: root bus resource [io  0x0000-0x0cf7 window]
Jun 15 21:49:42 cu-cs-vm kernel: [    0.330119] pci_bus 0000:00: root bus resource [io  0x0d00-0xffff window]
Jun 15 21:49:42 cu-cs-vm kernel: [    0.330509] pci_bus 0000:00: root bus resource [mem 0x000a0000-0x000bffff window]
Jun 15 21:49:42 cu-cs-vm kernel: [    0.331107] pci_bus 0000:00: root bus resource [mem 0xdc000000-0xffdfffff window]
Jun 15 21:49:42 cu-cs-vm kernel: [    0.331697] pci_bus 0000:00: root bus resource [bus 00-ff]
Jun 15 21:49:42 cu-cs-vm kernel: [    0.332086] pci 0000:00:02.0: [80ee:beef] type 00 class 0x030000
Jun 15 21:49:42 cu-cs-vm kernel: [    0.335475] pci 0000:00:02.0: reg 0x10: [mem 0xe0000000-0xe3ffffff pref]
Jun 15 21:49:42 cu-cs-vm kernel: [    0.357158] pci 0000:00:03.0: [8086:100e] type 00 class 0x020000
Jun 15 21:49:42 cu-cs-vm kernel: [    0.359300] pci 0000:00:03.0: reg 0x10: [mem 0xe4000000-0xe401ffff]
Jun 15 21:49:42 cu-cs-vm kernel: [    0.363252] pci 0000:00:03.0: reg 0x18: [io  0xd000-0xd007]
Jun 15 21:49:42 cu-cs-vm kernel: [    0.371274] pci 0000:00:04.0: [80ee:cafe] type 00 class 0x088000
Jun 15 21:49:42 cu-cs-vm kernel: [    0.373286] pci 0000:00:04.0: reg 0x10: [io  0xd020-0xd03f]
Jun 15 21:49:42 cu-cs-vm kernel: [    0.375131] pci 0000:00:04.0: reg 0x14: [mem 0xe4400000-0xe47fffff]
Jun 15 21:49:42 cu-cs-vm kernel: [    0.377108] pci 0000:00:04.0: reg 0x18: [mem 0xe4800000-0xe4803fff pref]
Jun 15 21:49:42 cu-cs-vm kernel: [    0.385062] pci 0000:00:05.0: [8086:2415] type 00 class 0x040100
Jun 15 21:49:42 cu-cs-vm kernel: [    0.385130] pci 0000:00:05.0: reg 0x10: [io  0xd100-0xd1ff]
Jun 15 21:49:42 cu-cs-vm kernel: [    0.385169] pci 0000:00:05.0: reg 0x14: [io  0xd200-0xd23f]
Jun 15 21:49:42 cu-cs-vm kernel: [    0.385639] pci 0000:00:07.0: [8086:7113] type 00 class 0x068000
Jun 15 21:49:42 cu-cs-vm kernel: [    0.386247] pci 0000:00:18.0: [8086:2448] type 01 class 0x060401
Jun 15 21:49:42 cu-cs-vm kernel: [    0.386506] pci 0000:00:19.0: [8086:2448] type 01 class 0x060401
Jun 15 21:49:42 cu-cs-vm kernel: [    0.386740] pci 0000:00:1f.0: [8086:27b9] type 00 class 0x060100
Jun 15 21:49:42 cu-cs-vm kernel: [    0.387003] pci 0000:00:1f.0: quirk: [io  0x8000-0x807f] claimed by ICH6 ACPI/GPIO/TCO
Jun 15 21:49:42 cu-cs-vm kernel: [    0.387695] pci 0000:00:1f.2: [8086:2829] type 00 class 0x010601
Jun 15 21:49:42 cu-cs-vm kernel: [    0.389733] pci 0000:00:1f.2: reg 0x10: [io  0xe000-0xe007]
Jun 15 21:49:42 cu-cs-vm kernel: [    0.391790] pci 0000:00:1f.2: reg 0x14: [io  0xe008-0xe00b]
Jun 15 21:49:42 cu-cs-vm kernel: [    0.393828] pci 0000:00:1f.2: reg 0x18: [io  0xe010-0xe017]
Jun 15 21:49:42 cu-cs-vm kernel: [    0.395812] pci 0000:00:1f.2: reg 0x1c: [io  0xe018-0xe01b]
Jun 15 21:49:42 cu-cs-vm kernel: [    0.397790] pci 0000:00:1f.2: reg 0x20: [io  0xe020-0xe02f]
Jun 15 21:49:42 cu-cs-vm kernel: [    0.399844] pci 0000:00:1f.2: reg 0x24: [mem 0xe4900000-0xe4901fff]
Jun 15 21:49:42 cu-cs-vm kernel: [    0.402700] pci 0000:00:1f.4: [106b:003f] type 00 class 0x0c0310
Jun 15 21:49:42 cu-cs-vm kernel: [    0.405835] pci 0000:00:1f.4: reg 0x10: [mem 0xe4902000-0xe4902fff]
Jun 15 21:49:42 cu-cs-vm kernel: [    0.417980] pci 0000:00:18.0: PCI bridge to [bus 01] (subtractive decode)
Jun 15 21:49:42 cu-cs-vm kernel: [    0.418377] pci 0000:00:18.0:   bridge window [io  0x0000-0x0cf7 window] (subtractive decode)
Jun 15 21:49:42 cu-cs-vm kernel: [    0.418378] pci 0000:00:18.0:   bridge window [io  0x0d00-0xffff window] (subtractive decode)
Jun 15 21:49:42 cu-cs-vm kernel: [    0.418380] pci 0000:00:18.0:   bridge window [mem 0x000a0000-0x000bffff window] (subtractive decode)
Jun 15 21:49:42 cu-cs-vm kernel: [    0.418381] pci 0000:00:18.0:   bridge window [mem 0xdc000000-0xffdfffff window] (subtractive decode)
Jun 15 21:49:42 cu-cs-vm kernel: [    0.418581] pci 0000:00:19.0: PCI bridge to [bus 02] (subtractive decode)
Jun 15 21:49:42 cu-cs-vm kernel: [    0.418977] pci 0000:00:19.0:   bridge window [io  0x0000-0x0cf7 window] (subtractive decode)
Jun 15 21:49:42 cu-cs-vm kernel: [    0.418979] pci 0000:00:19.0:   bridge window [io  0x0d00-0xffff window] (subtractive decode)
Jun 15 21:49:42 cu-cs-vm kernel: [    0.418980] pci 0000:00:19.0:   bridge window [mem 0x000a0000-0x000bffff window] (subtractive decode)
Jun 15 21:49:42 cu-cs-vm kernel: [    0.418981] pci 0000:00:19.0:   bridge window [mem 0xdc000000-0xffdfffff window] (subtractive decode)
Jun 15 21:49:42 cu-cs-vm kernel: [    0.419647] ACPI: PCI Interrupt Link [LNKA] (IRQs 5 9 10 *11)
Jun 15 21:49:42 cu-cs-vm kernel: [    0.420340] ACPI: PCI Interrupt Link [LNKB] (IRQs 5 *9 10 11)
Jun 15 21:49:42 cu-cs-vm kernel: [    0.421318] ACPI: PCI Interrupt Link [LNKC] (IRQs 5 9 10 *11)
Jun 15 21:49:42 cu-cs-vm kernel: [    0.422094] ACPI: PCI Interrupt Link [LNKD] (IRQs 5 *9 10 11)
Jun 15 21:49:42 cu-cs-vm kernel: [    0.422869] ACPI: Enabled 2 GPEs in block 00 to 07
Jun 15 21:49:42 cu-cs-vm kernel: [    0.423713] vgaarb: setting as boot device: PCI:0000:00:02.0
Jun 15 21:49:42 cu-cs-vm kernel: [    0.424054] vgaarb: device added: PCI:0000:00:02.0,decodes=io+mem,owns=io+mem,locks=none
Jun 15 21:49:42 cu-cs-vm kernel: [    0.424608] vgaarb: loaded
Jun 15 21:49:42 cu-cs-vm kernel: [    0.424871] vgaarb: bridge control possible 0000:00:02.0
Jun 15 21:49:42 cu-cs-vm kernel: [    0.425445] SCSI subsystem initialized
Jun 15 21:49:42 cu-cs-vm kernel: [    0.425920] libata version 3.00 loaded.
Jun 15 21:49:42 cu-cs-vm kernel: [    0.425939] ACPI: bus type USB registered
Jun 15 21:49:42 cu-cs-vm kernel: [    0.426249] usbcore: registered new interface driver usbfs
Jun 15 21:49:42 cu-cs-vm kernel: [    0.426570] usbcore: registered new interface driver hub
Jun 15 21:49:42 cu-cs-vm kernel: [    0.426962] usbcore: registered new device driver usb
Jun 15 21:49:42 cu-cs-vm kernel: [    0.428009] PCI: Using ACPI for IRQ routing
Jun 15 21:49:42 cu-cs-vm kernel: [    0.437257] PCI: pci_cache_line_size set to 64 bytes
Jun 15 21:49:42 cu-cs-vm kernel: [    0.437356] e820: reserve RAM buffer [mem 0x0009fc00-0x0009ffff]
Jun 15 21:49:42 cu-cs-vm kernel: [    0.437357] e820: reserve RAM buffer [mem 0xdbff0000-0xdbffffff]
Jun 15 21:49:42 cu-cs-vm kernel: [    0.437453] NetLabel: Initializing
Jun 15 21:49:42 cu-cs-vm kernel: [    0.437735] NetLabel:  domain hash size = 128
Jun 15 21:49:42 cu-cs-vm kernel: [    0.438035] NetLabel:  protocols = UNLABELED CIPSOv4
Jun 15 21:49:42 cu-cs-vm kernel: [    0.438347] NetLabel:  unlabeled traffic allowed by default
Jun 15 21:49:42 cu-cs-vm kernel: [    0.438842] HPET: 4 timers in total, 0 timers will be used for per-cpu timer
Jun 15 21:49:42 cu-cs-vm kernel: [    0.439210] hpet0: at MMIO 0xfed00000, IRQs 2, 8, 0, 0
Jun 15 21:49:42 cu-cs-vm kernel: [    0.439692] hpet0: 4 comparators, 64-bit 14.318180 MHz counter
Jun 15 21:49:42 cu-cs-vm kernel: [    0.442777] amd_nb: Cannot enumerate AMD northbridges
Jun 15 21:49:42 cu-cs-vm kernel: [    0.443313] clocksource: Switched to clocksource kvm-clock
Jun 15 21:49:42 cu-cs-vm kernel: [    0.449616] AppArmor: AppArmor Filesystem Enabled
Jun 15 21:49:42 cu-cs-vm kernel: [    0.449979] pnp: PnP ACPI init
Jun 15 21:49:42 cu-cs-vm kernel: [    0.450302] pnp 00:00: Plug and Play ACPI device, IDs PNP0303 (active)
Jun 15 21:49:42 cu-cs-vm kernel: [    0.450350] pnp 00:01: Plug and Play ACPI device, IDs PNP0f03 (active)
Jun 15 21:49:42 cu-cs-vm kernel: [    0.450385] pnp 00:02: Plug and Play ACPI device, IDs PNP0b00 (active)
Jun 15 21:49:42 cu-cs-vm kernel: [    0.450430] system 00:03: [mem 0xfed00000-0xfed003ff] has been reserved
Jun 15 21:49:42 cu-cs-vm kernel: [    0.450785] system 00:03: Plug and Play ACPI device, IDs PNP0103 PNP0c01 (active)
Jun 15 21:49:42 cu-cs-vm kernel: [    0.450871] system 00:04: [mem 0xdc000000-0xdfffffff] has been reserved
Jun 15 21:49:42 cu-cs-vm kernel: [    0.451225] system 00:04: Plug and Play ACPI device, IDs PNP0c02 (active)
Jun 15 21:49:42 cu-cs-vm kernel: [    0.451548] pnp: PnP ACPI: found 5 devices
Jun 15 21:49:42 cu-cs-vm kernel: [    0.462607] clocksource: acpi_pm: mask: 0xffffff max_cycles: 0xffffff, max_idle_ns: 2085701024 ns
Jun 15 21:49:42 cu-cs-vm kernel: [    0.463216] pci 0000:00:18.0: PCI bridge to [bus 01]
Jun 15 21:49:42 cu-cs-vm kernel: [    0.463713] pci 0000:00:19.0: PCI bridge to [bus 02]
Jun 15 21:49:42 cu-cs-vm kernel: [    0.464221] pci_bus 0000:00: resource 4 [io  0x0000-0x0cf7 window]
Jun 15 21:49:42 cu-cs-vm kernel: [    0.464223] pci_bus 0000:00: resource 5 [io  0x0d00-0xffff window]
Jun 15 21:49:42 cu-cs-vm kernel: [    0.464225] pci_bus 0000:00: resource 6 [mem 0x000a0000-0x000bffff window]
Jun 15 21:49:42 cu-cs-vm kernel: [    0.464226] pci_bus 0000:00: resource 7 [mem 0xdc000000-0xffdfffff window]
Jun 15 21:49:42 cu-cs-vm kernel: [    0.464228] pci_bus 0000:01: resource 4 [io  0x0000-0x0cf7 window]
Jun 15 21:49:42 cu-cs-vm kernel: [    0.464229] pci_bus 0000:01: resource 5 [io  0x0d00-0xffff window]
Jun 15 21:49:42 cu-cs-vm kernel: [    0.464230] pci_bus 0000:01: resource 6 [mem 0x000a0000-0x000bffff window]
Jun 15 21:49:42 cu-cs-vm kernel: [    0.464231] pci_bus 0000:01: resource 7 [mem 0xdc000000-0xffdfffff window]
Jun 15 21:49:42 cu-cs-vm kernel: [    0.464233] pci_bus 0000:02: resource 4 [io  0x0000-0x0cf7 window]
Jun 15 21:49:42 cu-cs-vm kernel: [    0.464234] pci_bus 0000:02: resource 5 [io  0x0d00-0xffff window]
Jun 15 21:49:42 cu-cs-vm kernel: [    0.464235] pci_bus 0000:02: resource 6 [mem 0x000a0000-0x000bffff window]
Jun 15 21:49:42 cu-cs-vm kernel: [    0.464236] pci_bus 0000:02: resource 7 [mem 0xdc000000-0xffdfffff window]
Jun 15 21:49:42 cu-cs-vm kernel: [    0.464277] NET: Registered protocol family 2
Jun 15 21:49:42 cu-cs-vm kernel: [    0.464744] TCP established hash table entries: 32768 (order: 6, 262144 bytes)
Jun 15 21:49:42 cu-cs-vm kernel: [    0.465346] TCP bind hash table entries: 32768 (order: 7, 524288 bytes)
Jun 15 21:49:42 cu-cs-vm kernel: [    0.465793] TCP: Hash tables configured (established 32768 bind 32768)
Jun 15 21:49:42 cu-cs-vm kernel: [    0.466162] UDP hash table entries: 2048 (order: 4, 65536 bytes)
Jun 15 21:49:42 cu-cs-vm kernel: [    0.466508] UDP-Lite hash table entries: 2048 (order: 4, 65536 bytes)
Jun 15 21:49:42 cu-cs-vm kernel: [    0.466894] NET: Registered protocol family 1
Jun 15 21:49:42 cu-cs-vm kernel: [    0.467214] pci 0000:00:02.0: Video device with shadowed ROM
Jun 15 21:49:42 cu-cs-vm kernel: [    0.468084] PCI: CLS 0 bytes, default 64
Jun 15 21:49:42 cu-cs-vm kernel: [    0.468123] Unpacking initramfs...
Jun 15 21:49:42 cu-cs-vm kernel: [    0.880433] Freeing initrd memory: 38028K (ffff8800335aa000 - ffff880035acd000)
Jun 15 21:49:42 cu-cs-vm kernel: [    0.881006] PCI-DMA: Using software bounce buffering for IO (SWIOTLB)
Jun 15 21:49:42 cu-cs-vm kernel: [    0.881344] software IO TLB [mem 0xd7ff0000-0xdbff0000] (64MB) mapped at [ffff8800d7ff0000-ffff8800dbfeffff]
Jun 15 21:49:42 cu-cs-vm kernel: [    0.882002] RAPL PMU detected, API unit is 2^-32 Joules, 4 fixed counters 10737418240 ms ovfl timer
Jun 15 21:49:42 cu-cs-vm kernel: [    0.882561] hw unit of domain pp0-core 2^-0 Joules
Jun 15 21:49:42 cu-cs-vm kernel: [    0.882882] hw unit of domain package 2^-0 Joules
Jun 15 21:49:42 cu-cs-vm kernel: [    0.883209] hw unit of domain dram 2^-0 Joules
Jun 15 21:49:42 cu-cs-vm kernel: [    0.883501] hw unit of domain pp1-gpu 2^-0 Joules
Jun 15 21:49:42 cu-cs-vm kernel: [    0.883907] Scanning for low memory corruption every 60 seconds
Jun 15 21:49:42 cu-cs-vm kernel: [    0.884734] audit: initializing netlink subsys (disabled)
Jun 15 21:49:42 cu-cs-vm kernel: [    0.885061] audit: type=2000 audit(1497585004.197:1): initialized
Jun 15 21:49:42 cu-cs-vm kernel: [    0.885636] Initialise system trusted keyring
Jun 15 21:49:42 cu-cs-vm kernel: [    0.886483] HugeTLB registered 2 MB page size, pre-allocated 0 pages
Jun 15 21:49:42 cu-cs-vm kernel: [    0.888254] zbud: loaded
Jun 15 21:49:42 cu-cs-vm kernel: [    0.888826] VFS: Disk quotas dquot_6.6.0
Jun 15 21:49:42 cu-cs-vm kernel: [    0.889154] VFS: Dquot-cache hash table entries: 512 (order 0, 4096 bytes)
Jun 15 21:49:42 cu-cs-vm kernel: [    0.889775] squashfs: version 4.0 (2009/01/31) Phillip Lougher
Jun 15 21:49:42 cu-cs-vm kernel: [    0.890430] fuse init (API version 7.23)
Jun 15 21:49:42 cu-cs-vm kernel: [    0.890921] Key type big_key registered
Jun 15 21:49:42 cu-cs-vm kernel: [    0.891214] Allocating IMA MOK and blacklist keyrings.
Jun 15 21:49:42 cu-cs-vm kernel: [    0.893539] Key type asymmetric registered
Jun 15 21:49:42 cu-cs-vm kernel: [    0.893941] Asymmetric key parser 'x509' registered
Jun 15 21:49:42 cu-cs-vm kernel: [    0.894401] Block layer SCSI generic (bsg) driver version 0.4 loaded (major 249)
Jun 15 21:49:42 cu-cs-vm kernel: [    0.895170] io scheduler noop registered
Jun 15 21:49:42 cu-cs-vm kernel: [    0.895542] io scheduler deadline registered (default)
Jun 15 21:49:42 cu-cs-vm kernel: [    0.895893] io scheduler cfq registered
Jun 15 21:49:42 cu-cs-vm kernel: [    0.896256] pci_hotplug: PCI Hot Plug PCI Core version: 0.5
Jun 15 21:49:42 cu-cs-vm kernel: [    0.896612] pciehp: PCI Express Hot Plug Controller Driver version: 0.4
Jun 15 21:49:42 cu-cs-vm kernel: [    0.896973] intel_idle: does not run on family 6 model 60
Jun 15 21:49:42 cu-cs-vm kernel: [    0.897040] ACPI: AC Adapter [AC] (on-line)
Jun 15 21:49:42 cu-cs-vm kernel: [    0.897366] input: Power Button as /devices/LNXSYSTM:00/LNXPWRBN:00/input/input0
Jun 15 21:49:42 cu-cs-vm kernel: [    0.897935] ACPI: Power Button [PWRF]
Jun 15 21:49:42 cu-cs-vm kernel: [    0.898253] input: Sleep Button as /devices/LNXSYSTM:00/LNXSLPBN:00/input/input1
Jun 15 21:49:42 cu-cs-vm kernel: [    0.898813] ACPI: Sleep Button [SLPF]
Jun 15 21:49:42 cu-cs-vm kernel: [    0.899433] GHES: HEST is not enabled!
Jun 15 21:49:42 cu-cs-vm kernel: [    0.899928] ACPI: Battery Slot [BAT0] (battery present)
Jun 15 21:49:42 cu-cs-vm kernel: [    0.900306] Serial: 8250/16550 driver, 32 ports, IRQ sharing enabled
Jun 15 21:49:42 cu-cs-vm kernel: [    0.902992] Linux agpgart interface v0.103
Jun 15 21:49:42 cu-cs-vm kernel: [    0.905850] loop: module loaded
Jun 15 21:49:42 cu-cs-vm kernel: [    0.906341] libphy: Fixed MDIO Bus: probed
Jun 15 21:49:42 cu-cs-vm kernel: [    0.906650] tun: Universal TUN/TAP device driver, 1.6
Jun 15 21:49:42 cu-cs-vm kernel: [    0.906974] tun: (C) 1999-2004 Max Krasnyansky <maxk@qualcomm.com>
Jun 15 21:49:42 cu-cs-vm kernel: [    0.907503] PPP generic driver version 2.4.2
Jun 15 21:49:42 cu-cs-vm kernel: [    0.908001] ehci_hcd: USB 2.0 'Enhanced' Host Controller (EHCI) Driver
Jun 15 21:49:42 cu-cs-vm kernel: [    0.908433] ehci-pci: EHCI PCI platform driver
Jun 15 21:49:42 cu-cs-vm kernel: [    0.908754] ehci-platform: EHCI generic platform driver
Jun 15 21:49:42 cu-cs-vm kernel: [    0.909093] ohci_hcd: USB 1.1 'Open' Host Controller (OHCI) Driver
Jun 15 21:49:42 cu-cs-vm kernel: [    0.909500] ohci-pci: OHCI PCI platform driver
Jun 15 21:49:42 cu-cs-vm kernel: [    0.910215] ohci-pci 0000:00:1f.4: OHCI PCI host controller
Jun 15 21:49:42 cu-cs-vm kernel: [    0.910548] ohci-pci 0000:00:1f.4: new USB bus registered, assigned bus number 1
Jun 15 21:49:42 cu-cs-vm kernel: [    0.911137] ohci-pci 0000:00:1f.4: irq 23, io mem 0xe4902000
Jun 15 21:49:42 cu-cs-vm kernel: [    0.969206] usb usb1: New USB device found, idVendor=1d6b, idProduct=0001
Jun 15 21:49:42 cu-cs-vm kernel: [    0.969717] usb usb1: New USB device strings: Mfr=3, Product=2, SerialNumber=1
Jun 15 21:49:42 cu-cs-vm kernel: [    0.970439] usb usb1: Product: OHCI PCI host controller
Jun 15 21:49:42 cu-cs-vm kernel: [    0.970829] usb usb1: Manufacturer: Linux 4.4.67lucas-revision-1 ohci_hcd
Jun 15 21:49:42 cu-cs-vm kernel: [    0.971186] usb usb1: SerialNumber: 0000:00:1f.4
Jun 15 21:49:42 cu-cs-vm kernel: [    0.971691] hub 1-0:1.0: USB hub found
Jun 15 21:49:42 cu-cs-vm kernel: [    0.971987] hub 1-0:1.0: 12 ports detected
Jun 15 21:49:42 cu-cs-vm kernel: [    0.972540] ohci-platform: OHCI generic platform driver
Jun 15 21:49:42 cu-cs-vm kernel: [    0.972869] uhci_hcd: USB Universal Host Controller Interface driver
Jun 15 21:49:42 cu-cs-vm kernel: [    0.973266] i8042: PNP: PS/2 Controller [PNP0303:PS2K,PNP0f03:PS2M] at 0x60,0x64 irq 1,12
Jun 15 21:49:42 cu-cs-vm kernel: [    0.974202] serio: i8042 KBD port at 0x60,0x64 irq 1
Jun 15 21:49:42 cu-cs-vm kernel: [    0.974518] serio: i8042 AUX port at 0x60,0x64 irq 12
Jun 15 21:49:42 cu-cs-vm kernel: [    0.975108] mousedev: PS/2 mouse device common for all mice
Jun 15 21:49:42 cu-cs-vm kernel: [    0.975882] input: AT Translated Set 2 keyboard as /devices/platform/i8042/serio0/input/input2
Jun 15 21:49:42 cu-cs-vm kernel: [    0.976831] rtc_cmos 00:02: rtc core: registered rtc_cmos as rtc0
Jun 15 21:49:42 cu-cs-vm kernel: [    0.977228] rtc_cmos 00:02: alarms up to one day, 114 bytes nvram, hpet irqs
Jun 15 21:49:42 cu-cs-vm kernel: [    0.977603] i2c /dev entries driver
Jun 15 21:49:42 cu-cs-vm kernel: [    0.977938] device-mapper: uevent: version 1.0.3
Jun 15 21:49:42 cu-cs-vm kernel: [    0.978327] device-mapper: ioctl: 4.34.0-ioctl (2015-10-28) initialised: dm-devel@redhat.com
Jun 15 21:49:42 cu-cs-vm kernel: [    0.978904] ledtrig-cpu: registered to indicate activity on CPUs
Jun 15 21:49:42 cu-cs-vm kernel: [    0.979945] NET: Registered protocol family 10
Jun 15 21:49:42 cu-cs-vm kernel: [    0.980501] NET: Registered protocol family 17
Jun 15 21:49:42 cu-cs-vm kernel: [    0.980833] Key type dns_resolver registered
Jun 15 21:49:42 cu-cs-vm kernel: [    0.981331] microcode: CPU0 sig=0x306c3, pf=0x40, revision=0x0
Jun 15 21:49:42 cu-cs-vm kernel: [    0.981719] microcode: CPU1 sig=0x306c3, pf=0x40, revision=0x0
Jun 15 21:49:42 cu-cs-vm kernel: [    0.982083] microcode: CPU2 sig=0x306c3, pf=0x40, revision=0x0
Jun 15 21:49:42 cu-cs-vm kernel: [    0.982475] microcode: CPU3 sig=0x306c3, pf=0x40, revision=0x0
Jun 15 21:49:42 cu-cs-vm kernel: [    0.982920] microcode: Microcode Update Driver: v2.01 <tigran@aivazian.fsnet.co.uk>, Peter Oruba
Jun 15 21:49:42 cu-cs-vm kernel: [    0.984037] registered taskstats version 1
Jun 15 21:49:42 cu-cs-vm kernel: [    0.984344] Loading compiled-in X.509 certificates
Jun 15 21:49:42 cu-cs-vm kernel: [    0.985202] Loaded X.509 cert 'Build time autogenerated kernel key: 45d90612b38bf77ddfbfe1789a3ec899fad1ff01'
Jun 15 21:49:42 cu-cs-vm kernel: [    0.986170] zswap: loaded using pool lzo/zbud
Jun 15 21:49:42 cu-cs-vm kernel: [    0.989033] Key type trusted registered
Jun 15 21:49:42 cu-cs-vm kernel: [    0.993560] Key type encrypted registered
Jun 15 21:49:42 cu-cs-vm kernel: [    0.993908] AppArmor: AppArmor sha1 policy hashing enabled
Jun 15 21:49:42 cu-cs-vm kernel: [    0.994291] ima: No TPM chip found, activating TPM-bypass!
Jun 15 21:49:42 cu-cs-vm kernel: [    0.994690] evm: HMAC attrs: 0x1
Jun 15 21:49:42 cu-cs-vm kernel: [    0.995403]   Magic number: 5:305:816
Jun 15 21:49:42 cu-cs-vm kernel: [    0.995819] rtc_cmos 00:02: setting system clock to 2017-06-16 03:49:39 UTC (1497584979)
Jun 15 21:49:42 cu-cs-vm kernel: [    0.996604] BIOS EDD facility v0.16 2004-Jun-25, 0 devices found
Jun 15 21:49:42 cu-cs-vm kernel: [    0.996944] EDD information not available.
Jun 15 21:49:42 cu-cs-vm kernel: [    0.997273] PM: Hibernation image not present or could not be loaded.
Jun 15 21:49:42 cu-cs-vm kernel: [    0.998185] Freeing unused kernel memory: 1476K (ffffffff81f42000 - ffffffff820b3000)
Jun 15 21:49:42 cu-cs-vm kernel: [    0.998732] Write protecting the kernel read-only data: 14336k
Jun 15 21:49:42 cu-cs-vm kernel: [    0.999700] Freeing unused kernel memory: 1936K (ffff88000181c000 - ffff880001a00000)
Jun 15 21:49:42 cu-cs-vm kernel: [    1.009789] Freeing unused kernel memory: 260K (ffff880001dbf000 - ffff880001e00000)
Jun 15 21:49:42 cu-cs-vm kernel: [    1.021835] random: systemd-udevd: uninitialized urandom read (16 bytes read, 1 bits of entropy available)
Jun 15 21:49:42 cu-cs-vm kernel: [    1.022318] random: udevadm: uninitialized urandom read (16 bytes read, 1 bits of entropy available)
Jun 15 21:49:42 cu-cs-vm kernel: [    1.022347] random: udevadm: uninitialized urandom read (16 bytes read, 1 bits of entropy available)
Jun 15 21:49:42 cu-cs-vm kernel: [    1.022492] random: udevadm: uninitialized urandom read (16 bytes read, 1 bits of entropy available)
Jun 15 21:49:42 cu-cs-vm kernel: [    1.022523] random: udevadm: uninitialized urandom read (16 bytes read, 1 bits of entropy available)
Jun 15 21:49:42 cu-cs-vm kernel: [    1.022552] random: udevadm: uninitialized urandom read (16 bytes read, 1 bits of entropy available)
Jun 15 21:49:42 cu-cs-vm kernel: [    1.022588] random: udevadm: uninitialized urandom read (16 bytes read, 1 bits of entropy available)
Jun 15 21:49:42 cu-cs-vm kernel: [    1.022614] random: udevadm: uninitialized urandom read (16 bytes read, 1 bits of entropy available)
Jun 15 21:49:42 cu-cs-vm kernel: [    1.022647] random: udevadm: uninitialized urandom read (16 bytes read, 1 bits of entropy available)
Jun 15 21:49:42 cu-cs-vm kernel: [    1.022677] random: udevadm: uninitialized urandom read (16 bytes read, 1 bits of entropy available)
Jun 15 21:49:42 cu-cs-vm kernel: [    1.041664] ahci 0000:00:1f.2: version 3.0
Jun 15 21:49:42 cu-cs-vm kernel: [    1.042196] ahci 0000:00:1f.2: SSS flag set, parallel bus scan disabled
Jun 15 21:49:42 cu-cs-vm kernel: [    1.042725] ahci 0000:00:1f.2: AHCI 0001.0100 32 slots 2 ports 3 Gbps 0x3 impl SATA mode
Jun 15 21:49:42 cu-cs-vm kernel: [    1.043313] ahci 0000:00:1f.2: flags: 64bit ncq stag only ccc 
Jun 15 21:49:42 cu-cs-vm kernel: [    1.045120] scsi host0: ahci
Jun 15 21:49:42 cu-cs-vm kernel: [    1.046372] scsi host1: ahci
Jun 15 21:49:42 cu-cs-vm kernel: [    1.047121] ata1: SATA max UDMA/133 abar m8192@0xe4900000 port 0xe4900100 irq 24
Jun 15 21:49:42 cu-cs-vm kernel: [    1.048051] ata2: SATA max UDMA/133 abar m8192@0xe4900000 port 0xe4900180 irq 24
Jun 15 21:49:42 cu-cs-vm kernel: [    1.049889] FUJITSU Extended Socket Network Device Driver - version 1.0 - Copyright (c) 2015 FUJITSU LIMITED
Jun 15 21:49:42 cu-cs-vm kernel: [    1.050106] e1000: Intel(R) PRO/1000 Network Driver - version 7.3.21-k8-NAPI
Jun 15 21:49:42 cu-cs-vm kernel: [    1.050106] e1000: Copyright (c) 1999-2006 Intel Corporation.
Jun 15 21:49:42 cu-cs-vm kernel: [    1.253887] input: ImExPS/2 Generic Explorer Mouse as /devices/platform/i8042/serio1/input/input4
Jun 15 21:49:42 cu-cs-vm kernel: [    1.371533] ata1: SATA link up 3.0 Gbps (SStatus 123 SControl 300)
Jun 15 21:49:42 cu-cs-vm kernel: [    1.372170] ata1.00: ATA-8: VBOX HARDDISK, 1.0, max UDMA/133
Jun 15 21:49:42 cu-cs-vm kernel: [    1.372638] ata1.00: 134217728 sectors, multi 128: LBA48 NCQ (depth 31/32)
Jun 15 21:49:42 cu-cs-vm kernel: [    1.373332] ata1.00: configured for UDMA/133
Jun 15 21:49:42 cu-cs-vm kernel: [    1.373922] scsi 0:0:0:0: Direct-Access     ATA      VBOX HARDDISK    1.0  PQ: 0 ANSI: 5
Jun 15 21:49:42 cu-cs-vm kernel: [    1.374727] sd 0:0:0:0: [sda] 134217728 512-byte logical blocks: (68.7 GB/64.0 GiB)
Jun 15 21:49:42 cu-cs-vm kernel: [    1.375380] sd 0:0:0:0: [sda] Write Protect is off
Jun 15 21:49:42 cu-cs-vm kernel: [    1.375513] sd 0:0:0:0: Attached scsi generic sg0 type 0
Jun 15 21:49:42 cu-cs-vm kernel: [    1.376130] sd 0:0:0:0: [sda] Mode Sense: 00 3a 00 00
Jun 15 21:49:42 cu-cs-vm kernel: [    1.376199] sd 0:0:0:0: [sda] Write cache: enabled, read cache: enabled, doesn't support DPO or FUA
Jun 15 21:49:42 cu-cs-vm kernel: [    1.377204]  sda: sda1
Jun 15 21:49:42 cu-cs-vm kernel: [    1.377756] sd 0:0:0:0: [sda] Attached SCSI disk
Jun 15 21:49:42 cu-cs-vm kernel: [    1.387400] usb 1-1: new full-speed USB device number 2 using ohci-pci
Jun 15 21:49:42 cu-cs-vm kernel: [    1.394696] e1000 0000:00:03.0 eth0: (PCI:33MHz:32-bit) 08:00:27:ec:e2:18
Jun 15 21:49:42 cu-cs-vm kernel: [    1.395061] e1000 0000:00:03.0 eth0: Intel(R) PRO/1000 Network Connection
Jun 15 21:49:42 cu-cs-vm kernel: [    1.396191] e1000 0000:00:03.0 enp0s3: renamed from eth0
Jun 15 21:49:42 cu-cs-vm kernel: [    1.651765] usb 1-1: New USB device found, idVendor=80ee, idProduct=0021
Jun 15 21:49:42 cu-cs-vm kernel: [    1.652273] usb 1-1: New USB device strings: Mfr=1, Product=3, SerialNumber=0
Jun 15 21:49:42 cu-cs-vm kernel: [    1.652806] usb 1-1: Product: USB Tablet
Jun 15 21:49:42 cu-cs-vm kernel: [    1.653211] usb 1-1: Manufacturer: VirtualBox
Jun 15 21:49:42 cu-cs-vm kernel: [    1.664694] hidraw: raw HID events driver (C) Jiri Kosina
Jun 15 21:49:42 cu-cs-vm kernel: [    1.678286] usbcore: registered new interface driver usbhid
Jun 15 21:49:42 cu-cs-vm kernel: [    1.678846] usbhid: USB HID core driver
Jun 15 21:49:42 cu-cs-vm kernel: [    1.685586] input: VirtualBox USB Tablet as /devices/pci0000:00/0000:00:1f.4/usb1/1-1/1-1:1.0/0003:80EE:0021.0001/input/input5
Jun 15 21:49:42 cu-cs-vm kernel: [    1.686906] hid-generic 0003:80EE:0021.0001: input,hidraw0: USB HID v1.10 Mouse [VirtualBox USB Tablet] on usb-0000:00:1f.4-1/input0
Jun 15 21:49:42 cu-cs-vm kernel: [    1.695503] ata2: SATA link up 3.0 Gbps (SStatus 123 SControl 300)
Jun 15 21:49:42 cu-cs-vm kernel: [    1.696153] ata2.00: ATAPI: VBOX CD-ROM, 1.0, max UDMA/133
Jun 15 21:49:42 cu-cs-vm kernel: [    1.696609] ata2.00: applying bridge limits
Jun 15 21:49:42 cu-cs-vm kernel: [    1.697316] ata2.00: configured for UDMA/100
Jun 15 21:49:42 cu-cs-vm kernel: [    1.698318] scsi 1:0:0:0: CD-ROM            VBOX     CD-ROM           1.0  PQ: 0 ANSI: 5
Jun 15 21:49:42 cu-cs-vm systemd[1]: Started Create list of required static device nodes for the current kernel.
Jun 15 21:49:42 cu-cs-vm systemd[1]: Started Uncomplicated firewall.
Jun 15 21:49:42 cu-cs-vm systemd[1]: Started Nameserver information manager.
Jun 15 21:49:42 cu-cs-vm loadkeys[232]: Loading /etc/console-setup/cached.kmap.gz
Jun 15 21:49:42 cu-cs-vm systemd[1]: Started Set console keymap.
Jun 15 21:49:42 cu-cs-vm systemd-modules-load[238]: Inserted module 'lp'
Jun 15 21:49:42 cu-cs-vm systemd-modules-load[238]: Inserted module 'ppdev'
Jun 15 21:49:42 cu-cs-vm kernel: [    1.707813] sr 1:0:0:0: [sr0] scsi3-mmc drive: 32x/32x xa/form2 tray
Jun 15 21:49:42 cu-cs-vm systemd-modules-load[238]: Inserted module 'parport_pc'
Jun 15 21:49:42 cu-cs-vm systemd[1]: Started Load Kernel Modules.
Jun 15 21:49:42 cu-cs-vm kernel: [    1.708286] cdrom: Uniform CD-ROM driver Revision: 3.20
Jun 15 21:49:42 cu-cs-vm systemd[1]: Mounting FUSE Control File System...
Jun 15 21:49:42 cu-cs-vm kernel: [    1.708981] sr 1:0:0:0: Attached scsi CD-ROM sr0
Jun 15 21:49:42 cu-cs-vm kernel: [    1.709154] sr 1:0:0:0: Attached scsi generic sg1 type 5
Jun 15 21:49:42 cu-cs-vm kernel: [    1.867391] raid6: sse2x1   gen() 10468 MB/s
Jun 15 21:49:42 cu-cs-vm kernel: [    1.935376] raid6: sse2x1   xor()  8062 MB/s
Jun 15 21:49:42 cu-cs-vm kernel: [    2.003318] raid6: sse2x2   gen() 13251 MB/s
Jun 15 21:49:42 cu-cs-vm systemd[1]: Starting Apply Kernel Variables...
Jun 15 21:49:42 cu-cs-vm kernel: [    2.071378] raid6: sse2x2   xor()  8907 MB/s
Jun 15 21:49:42 cu-cs-vm kernel: [    2.139381] raid6: sse2x4   gen() 15085 MB/s
Jun 15 21:49:42 cu-cs-vm kernel: [    2.207376] raid6: sse2x4   xor() 10545 MB/s
Jun 15 21:49:42 cu-cs-vm kernel: [    2.207695] raid6: using algorithm sse2x4 gen() 15085 MB/s
Jun 15 21:49:42 cu-cs-vm kernel: [    2.208015] raid6: .... xor() 10545 MB/s, rmw enabled
Jun 15 21:49:42 cu-cs-vm systemd[1]: Starting Create Static Device Nodes in /dev...
Jun 15 21:49:42 cu-cs-vm kernel: [    2.208321] raid6: using ssse3x2 recovery algorithm
Jun 15 21:49:42 cu-cs-vm systemd[1]: Mounted FUSE Control File System.
Jun 15 21:49:42 cu-cs-vm kernel: [    2.208653] tsc: Refined TSC clocksource calibration: 2492.706 MHz
Jun 15 21:49:42 cu-cs-vm kernel: [    2.209156] clocksource: tsc: mask: 0xffffffffffffffff max_cycles: 0x23ee4f9561f, max_idle_ns: 440795272398 ns
Jun 15 21:49:42 cu-cs-vm kernel: [    2.215994] xor: automatically using best checksumming function:
Jun 15 21:49:42 cu-cs-vm kernel: [    2.255334]    avx       : 21829.000 MB/sec
Jun 15 21:49:42 cu-cs-vm kernel: [    2.335782] Btrfs loaded
Jun 15 21:49:42 cu-cs-vm systemd[1]: Started Apply Kernel Variables.
Jun 15 21:49:42 cu-cs-vm kernel: [    2.364582] BTRFS: device fsid cdc63320-d9b3-4941-85c9-01e6f9786fb3 devid 1 transid 21208 /dev/sda1
Jun 15 21:49:42 cu-cs-vm kernel: [    2.385561] BTRFS info (device sda1): disk space caching is enabled
Jun 15 21:49:42 cu-cs-vm systemd[1]: Started Create Static Device Nodes in /dev.
Jun 15 21:49:42 cu-cs-vm kernel: [    2.385961] BTRFS: has skinny extents
Jun 15 21:49:42 cu-cs-vm kernel: [    2.393182] BTRFS: detected SSD devices, enabling SSD mode
Jun 15 21:49:42 cu-cs-vm systemd[1]: Starting udev Kernel Device Manager...
Jun 15 21:49:42 cu-cs-vm kernel: [    2.824084] lp: driver loaded but no devices found
Jun 15 21:49:42 cu-cs-vm kernel: [    2.828346] ppdev: user-space parallel port driver
Jun 15 21:49:42 cu-cs-vm kernel: [    2.985563] BTRFS info (device sda1): enabling auto defrag
Jun 15 21:49:42 cu-cs-vm systemd[1]: Started udev Kernel Device Manager.
Jun 15 21:49:42 cu-cs-vm kernel: [    2.985566] BTRFS info (device sda1): disk space caching is enabled
Jun 15 21:49:42 cu-cs-vm kernel: [    3.084309] vboxguest: module verification failed: signature and/or required key missing - tainting kernel
Jun 15 21:49:42 cu-cs-vm kernel: [    3.087785] ACPI: Video Device [GFX0] (multi-head: yes  rom: no  post: no)
Jun 15 21:49:42 cu-cs-vm systemd[1]: Starting Remount Root and Kernel File Systems...
Jun 15 21:49:42 cu-cs-vm kernel: [    3.087844] input: Video Bus as /devices/LNXSYSTM:00/LNXSYBUS:00/PNP0A03:00/LNXVIDEO:00/input/input6
Jun 15 21:49:42 cu-cs-vm kernel: [    3.088901] lpc_ich 0000:00:1f.0: I/O space for GPIO uninitialized
Jun 15 21:49:42 cu-cs-vm kernel: [    3.090303] vgdrvHeartbeatInit: Setting up heartbeat to trigger every 2000 milliseconds
Jun 15 21:49:42 cu-cs-vm systemd[1]: Started Remount Root and Kernel File Systems.
Jun 15 21:49:42 cu-cs-vm kernel: [    3.090667] input: Unspecified device as /devices/pci0000:00/0000:00:04.0/input/input7
Jun 15 21:49:42 cu-cs-vm kernel: [    3.094386] piix4_smbus 0000:00:07.0: SMBus base address uninitialized - upgrade BIOS or use force_addr=0xaddr
Jun 15 21:49:42 cu-cs-vm kernel: [    3.097671] vboxguest: misc device minor 55, IRQ 20, I/O port d020, MMIO at 00000000e4400000 (size 0x400000)
Jun 15 21:49:42 cu-cs-vm kernel: [    3.097673] vboxguest: Successfully loaded version 5.1.12 (interface 0x00010004)
Jun 15 21:49:42 cu-cs-vm systemd[1]: Starting Load/Save Random Seed...
Jun 15 21:49:42 cu-cs-vm kernel: [    3.260959] [drm] Initialized drm 1.1.0 20060810
Jun 15 21:49:42 cu-cs-vm kernel: [    3.606294] AVX version of gcm_enc/dec engaged.
Jun 15 21:49:42 cu-cs-vm kernel: [    3.606298] AES CTR mode by8 optimization enabled
Jun 15 21:49:42 cu-cs-vm kernel: [    3.655801] [drm] VRAM 04000000
Jun 15 21:49:42 cu-cs-vm systemd[1]: Starting Flush Journal to Persistent Storage...
Jun 15 21:49:42 cu-cs-vm kernel: [    3.656104] [TTM] Zone  kernel: Available graphics memory: 1956716 kiB
Jun 15 21:49:42 cu-cs-vm kernel: [    3.656106] [TTM] Initializing pool allocator
Jun 15 21:49:42 cu-cs-vm kernel: [    3.656109] [TTM] Initializing DMA pool allocator
Jun 15 21:49:42 cu-cs-vm systemd[1]: Starting udev Coldplug all Devices...
Jun 15 21:49:42 cu-cs-vm kernel: [    3.656693] fbcon: vboxdrmfb (fb0) is primary device
Jun 15 21:49:42 cu-cs-vm kernel: [    3.671562] Console: switching to colour frame buffer device 100x37
Jun 15 21:49:42 cu-cs-vm kernel: [    3.673238] vboxvideo 0000:00:02.0: fb0: vboxdrmfb frame buffer device
Jun 15 21:49:42 cu-cs-vm kernel: [    3.691578] [drm] Initialized vboxvideo 1.0.0 20130823 for 0000:00:02.0 on minor 0
Jun 15 21:49:42 cu-cs-vm kernel: [    3.692181] snd_intel8x0 0000:00:05.0: disable (unknown or VT-d) VM optimization
Jun 15 21:49:42 cu-cs-vm systemd[1]: Reached target Local File Systems (Pre).
Jun 15 21:49:42 cu-cs-vm kernel: [    3.844402] BTRFS error (device sda1): could not find root 8
Jun 15 21:49:42 cu-cs-vm kernel: [    3.844824] BTRFS error (device sda1): could not find root 8
Jun 15 21:49:42 cu-cs-vm kernel: [    3.963973] snd_intel8x0 0000:00:05.0: white list rate for 1028:0177 is 48000
Jun 15 21:49:42 cu-cs-vm kernel: [    4.005883] audit: type=1400 audit(1497584982.504:2): apparmor="STATUS" operation="profile_load" profile="unconfined" name="/usr/bin/ubuntu-core-launcher" pid=650 comm="apparmor_parser"
Jun 15 21:49:42 cu-cs-vm systemd[1]: Started Load/Save Random Seed.
Jun 15 21:49:42 cu-cs-vm kernel: [    4.013349] audit: type=1400 audit(1497584982.512:3): apparmor="STATUS" operation="profile_load" profile="unconfined" name="/usr/lib/snapd/snap-confine" pid=652 comm="apparmor_parser"
Jun 15 21:49:42 cu-cs-vm kernel: [    4.013360] audit: type=1400 audit(1497584982.512:4): apparmor="STATUS" operation="profile_load" profile="unconfined" name="/usr/lib/snapd/snap-confine//mount-namespace-capture-helper" pid=652 comm="apparmor_parser"
Jun 15 21:49:42 cu-cs-vm systemd[1]: Started Flush Journal to Persistent Storage.
Jun 15 21:49:42 cu-cs-vm kernel: [    4.013405] audit: type=1400 audit(1497584982.512:5): apparmor="STATUS" operation="profile_load" profile="unconfined" name="/sbin/dhclient" pid=647 comm="apparmor_parser"
Jun 15 21:49:42 cu-cs-vm kernel: [    4.013410] audit: type=1400 audit(1497584982.512:6): apparmor="STATUS" operation="profile_load" profile="unconfined" name="/usr/lib/NetworkManager/nm-dhcp-client.action" pid=647 comm="apparmor_parser"
Jun 15 21:49:42 cu-cs-vm kernel: [    4.013414] audit: type=1400 audit(1497584982.512:7): apparmor="STATUS" operation="profile_load" profile="unconfined" name="/usr/lib/NetworkManager/nm-dhcp-helper" pid=647 comm="apparmor_parser"
Jun 15 21:49:42 cu-cs-vm systemd[1]: Started udev Coldplug all Devices.
Jun 15 21:49:42 cu-cs-vm kernel: [    4.013417] audit: type=1400 audit(1497584982.512:8): apparmor="STATUS" operation="profile_load" profile="unconfined" name="/usr/lib/connman/scripts/dhclient-script" pid=647 comm="apparmor_parser"
Jun 15 21:49:42 cu-cs-vm kernel: [    4.015195] audit: type=1400 audit(1497584982.512:9): apparmor="STATUS" operation="profile_load" profile="unconfined" name="/usr/lib/lightdm/lightdm-guest-session" pid=646 comm="apparmor_parser"
Jun 15 21:49:42 cu-cs-vm kernel: [    4.015200] audit: type=1400 audit(1497584982.512:10): apparmor="STATUS" operation="profile_load" profile="unconfined" name="/usr/lib/lightdm/lightdm-guest-session//chromium" pid=646 comm="apparmor_parser"
Jun 15 21:49:42 cu-cs-vm systemd[1]: Started Dispatch Password Requests to Console Directory Watch.
Jun 15 21:49:42 cu-cs-vm mtp-probe: checking bus 1, device 2: "/sys/devices/pci0000:00/0000:00:1f.4/usb1/1-1"
Jun 15 21:49:42 cu-cs-vm mtp-probe: bus: 1, device: 2 was not an MTP device
Jun 15 21:49:42 cu-cs-vm systemd[1]: Listening on Load/Save RF Kill Switch Status /dev/rfkill Watch.
Jun 15 21:49:42 cu-cs-vm systemd-udevd[343]: Process '/lib/udev/hdparm' failed with exit code 5.
Jun 15 21:49:42 cu-cs-vm systemd[1]: Found device VBOX_HARDDISK 1.
Jun 15 21:49:42 cu-cs-vm systemd[1]: Starting File System Check on /dev/disk/by-uuid/cdc63320-d9b3-4941-85c9-01e6f9786fb3...
Jun 15 21:49:42 cu-cs-vm rsyslogd-2039: Could not open output pipe '/dev/xconsole':: No such file or directory [v8.16.0 try http://www.rsyslog.com/e/2039 ]
Jun 15 21:49:42 cu-cs-vm rsyslogd-2007: action 'action 10' suspended, next retry is Thu Jun 15 21:50:12 2017 [v8.16.0 try http://www.rsyslog.com/e/2007 ]
Jun 15 21:49:42 cu-cs-vm systemd[1]: Started File System Check Daemon to report status.
Jun 15 21:49:42 cu-cs-vm systemd[1]: Started File System Check on /dev/disk/by-uuid/cdc63320-d9b3-4941-85c9-01e6f9786fb3.
Jun 15 21:49:42 cu-cs-vm systemd[1]: Mounting /home...
Jun 15 21:49:42 cu-cs-vm systemd[1]: Mounted /home.
Jun 15 21:49:42 cu-cs-vm systemd[1]: Reached target Local File Systems.
Jun 15 21:49:42 cu-cs-vm systemd[1]: Starting Set console font and keymap...
Jun 15 21:49:42 cu-cs-vm systemd[1]: Starting Create Volatile Files and Directories...
Jun 15 21:49:42 cu-cs-vm systemd[1]: Starting LSB: AppArmor initialization...
Jun 15 21:49:42 cu-cs-vm systemd[1]: Starting Tell Plymouth To Write Out Runtime Data...
Jun 15 21:49:42 cu-cs-vm systemd-tmpfiles[536]: [/usr/lib/tmpfiles.d/var.conf:14] Duplicate line for path "/var/log", ignoring.
Jun 15 21:49:42 cu-cs-vm systemd[1]: Starting Enable support for additional executable binary formats...
Jun 15 21:49:42 cu-cs-vm systemd[1]: Started Create Volatile Files and Directories.
Jun 15 21:49:42 cu-cs-vm systemd[1]: proc-sys-fs-binfmt_misc.automount: Got automount request for /proc/sys/fs/binfmt_misc, triggered by 543 (update-binfmts)
Jun 15 21:49:42 cu-cs-vm systemd[1]: Mounting Arbitrary Executable File Formats File System...
Jun 15 21:49:42 cu-cs-vm systemd[1]: Reached target System Time Synchronized.
Jun 15 21:49:42 cu-cs-vm systemd[1]: Starting Update UTMP about System Boot/Shutdown...
Jun 15 21:49:42 cu-cs-vm systemd[1]: Started Tell Plymouth To Write Out Runtime Data.
Jun 15 21:49:42 cu-cs-vm systemd[1]: Mounted Arbitrary Executable File Formats File System.
Jun 15 21:49:42 cu-cs-vm systemd[1]: Started Enable support for additional executable binary formats.
Jun 15 21:49:42 cu-cs-vm systemd[1]: Started Update UTMP about System Boot/Shutdown.
Jun 15 21:49:42 cu-cs-vm apparmor[537]:  * Starting AppArmor profiles
Jun 15 21:49:42 cu-cs-vm systemd[1]: Started Set console font and keymap.
Jun 15 21:49:42 cu-cs-vm systemd[1]: Created slice system-getty.slice.
Jun 15 21:49:42 cu-cs-vm systemd[1]: Reached target Sound Card.
Jun 15 21:49:42 cu-cs-vm apparmor[537]: Skipping profile in /etc/apparmor.d/disable: usr.bin.firefox
Jun 15 21:49:42 cu-cs-vm apparmor[537]: Skipping profile in /etc/apparmor.d/disable: usr.sbin.rsyslogd
Jun 15 21:49:42 cu-cs-vm apparmor[537]:    ...done.
Jun 15 21:49:42 cu-cs-vm systemd[1]: Started LSB: AppArmor initialization.
Jun 15 21:49:42 cu-cs-vm systemd[1]: Starting Raise network interfaces...
Jun 15 21:49:42 cu-cs-vm systemd[1]: Reached target System Initialization.
Jun 15 21:49:42 cu-cs-vm systemd[1]: apt-daily.timer: Adding 11h 25min 50.008010s random time.
Jun 15 21:49:42 cu-cs-vm systemd[1]: Started Daily apt activities.
Jun 15 21:49:42 cu-cs-vm systemd[1]: Starting Socket activation for snappy daemon.
Jun 15 21:49:42 cu-cs-vm systemd[1]: Started CUPS Scheduler.
Jun 15 21:49:42 cu-cs-vm systemd[1]: Started Daily Cleanup of Temporary Directories.
Jun 15 21:49:42 cu-cs-vm systemd[1]: Started Trigger resolvconf update for networkd DNS.
Jun 15 21:49:42 cu-cs-vm systemd[1]: Listening on ACPID Listen Socket.
Jun 15 21:49:42 cu-cs-vm systemd[1]: snapd.refresh.timer: Adding 43min 47.981562s random time.
Jun 15 21:49:42 cu-cs-vm systemd[1]: snapd.refresh.timer: Adding 2h 51min 6.289844s random time.
Jun 15 21:49:42 cu-cs-vm systemd[1]: Started Timer to automatically refresh installed snaps.
Jun 15 21:49:42 cu-cs-vm systemd[1]: Reached target Timers.
Jun 15 21:49:42 cu-cs-vm systemd[1]: Listening on Avahi mDNS/DNS-SD Stack Activation Socket.
Jun 15 21:49:42 cu-cs-vm systemd[1]: Listening on CUPS Scheduler.
Jun 15 21:49:42 cu-cs-vm systemd[1]: Started ACPI Events Check.
Jun 15 21:49:42 cu-cs-vm systemd[1]: Reached target Paths.
Jun 15 21:49:42 cu-cs-vm systemd[1]: Listening on D-Bus System Message Bus Socket.
Jun 15 21:49:42 cu-cs-vm systemd[1]: Listening on UUID daemon activation socket.
Jun 15 21:49:42 cu-cs-vm systemd[1]: Listening on Socket activation for snappy daemon.
Jun 15 21:49:42 cu-cs-vm systemd[1]: Reached target Sockets.
Jun 15 21:49:42 cu-cs-vm systemd[1]: Reached target Basic System.
Jun 15 21:49:42 cu-cs-vm systemd[1]: Starting Permit User Sessions...
Jun 15 21:49:42 cu-cs-vm systemd[1]: Starting Login Service...
Jun 15 21:49:42 cu-cs-vm systemd[1]: Starting LSB: Execute the kexec -e command to reboot system...
Jun 15 21:49:42 cu-cs-vm systemd[1]: Started crash report submission daemon.
Jun 15 21:49:42 cu-cs-vm systemd[1]: Starting LSB: daemon to balance interrupts for SMP systems...
Jun 15 21:49:42 cu-cs-vm systemd[1]: Started Regular background program processing daemon.
Jun 15 21:49:42 cu-cs-vm systemd[1]: Started Run anacron jobs.
Jun 15 21:49:42 cu-cs-vm systemd[1]: Starting System Logging Service...
Jun 15 21:49:42 cu-cs-vm systemd[1]: Starting Detect the available GPUs and deal with any system changes...
Jun 15 21:49:42 cu-cs-vm systemd[1]: Starting Thermal Daemon Service...
Jun 15 21:49:42 cu-cs-vm systemd[1]: Starting vboxadd-x11.service...
Jun 15 21:49:42 cu-cs-vm systemd[1]: Starting Save/Restore Sound Card State...
Jun 15 21:49:42 cu-cs-vm cron[697]: (CRON) INFO (pidfile fd = 3)
Jun 15 21:49:42 cu-cs-vm systemd[1]: Starting Restore /etc/resolv.conf if the system crashed before the ppp link was shut down...
Jun 15 21:49:42 cu-cs-vm anacron[699]: Anacron 2.3 started on 2017-06-15
Jun 15 21:49:42 cu-cs-vm anacron[699]: Normal exit (0 jobs run)
Jun 15 21:49:42 cu-cs-vm systemd[1]: Started Snappy daemon.
Jun 15 21:49:42 cu-cs-vm systemd[1]: Starting Auto import assertions from block devices...
Jun 15 21:49:42 cu-cs-vm systemd[1]: Started uptime record daemon.
Jun 15 21:49:42 cu-cs-vm cron[697]: (CRON) INFO (Running @reboot jobs)
Jun 15 21:49:42 cu-cs-vm systemd[1]: Started ACPI event daemon.
Jun 15 21:49:42 cu-cs-vm systemd[1]: Starting LSB: Set the CPU Frequency Scaling governor to "ondemand"...
Jun 15 21:49:42 cu-cs-vm snap[739]: auto-import is disabled on classic
Jun 15 21:49:42 cu-cs-vm systemd[1]: Starting vboxadd.service...
Jun 15 21:49:42 cu-cs-vm systemd[1]: Starting Avahi mDNS/DNS-SD Stack...
Jun 15 21:49:42 cu-cs-vm systemd[1]: Starting LSB: Speech Dispatcher...
Jun 15 21:49:42 cu-cs-vm systemd[1]: Starting Modem Manager...
Jun 15 21:49:42 cu-cs-vm systemd[1]: Started D-Bus System Message Bus.
Jun 15 21:49:42 cu-cs-vm gpu-manager[704]: /etc/modprobe.d is not a file
Jun 15 21:49:42 cu-cs-vm gpu-manager[704]: message repeated 2 times: [ /etc/modprobe.d is not a file]
Jun 15 21:49:42 cu-cs-vm vboxadd[757]: vboxadd.sh: Starting the VirtualBox Guest Additions.
Jun 15 21:49:42 cu-cs-vm gpu-manager[704]: /etc/modprobe.d is not a file
Jun 15 21:49:42 cu-cs-vm gpu-manager[704]: /etc/modprobe.d is not a file
Jun 15 21:49:42 cu-cs-vm gpu-manager[704]: Error: can't open /lib/modules/4.4.67lucas-revision-1/updates/dkms
Jun 15 21:49:42 cu-cs-vm gpu-manager[704]: Error: can't open /lib/modules/4.4.67lucas-revision-1/updates/dkms
Jun 15 21:49:42 cu-cs-vm vboxadd.sh: Starting the VirtualBox Guest Additions.
Jun 15 21:49:42 cu-cs-vm avahi-daemon[759]: Found user 'avahi' (UID 111) and group 'avahi' (GID 120).
Jun 15 21:49:42 cu-cs-vm avahi-daemon[759]: Successfully dropped root privileges.
Jun 15 21:49:42 cu-cs-vm avahi-daemon[759]: avahi-daemon 0.6.32-rc starting up.
Jun 15 21:49:42 cu-cs-vm /usr/lib/snapd/snapd[732]: daemon.go:207: DEBUG: init done in 606.744s
Jun 15 21:49:42 cu-cs-vm acpid: starting up with netlink and the input layer
Jun 15 21:49:42 cu-cs-vm acpid: 9 rules loaded
Jun 15 21:49:42 cu-cs-vm acpid: waiting for events: event logging is off
Jun 15 21:49:42 cu-cs-vm ModemManager[763]: <info>  ModemManager (version 1.4.12) starting in system bus...
Jun 15 21:49:42 cu-cs-vm kernel: [    4.358865] vboxsf: Successfully loaded version 5.1.12 (interface 0x00010004)
Jun 15 21:49:42 cu-cs-vm gpu-manager[704]: update-alternatives: error: no alternatives for x86_64-linux-gnu_gfxcore_conf
Jun 15 21:49:42 cu-cs-vm vboxadd-x11.sh: Installing the Window System drivers.
Jun 15 21:49:42 cu-cs-vm dbus[765]: [system] AppArmor D-Bus mediation is enabled
Jun 15 21:49:42 cu-cs-vm vboxadd-x11.sh: Installing X.Org Server 1.18 modules.
Jun 15 21:49:42 cu-cs-vm thermald[706]: NO RAPL sysfs present
Jun 15 21:49:42 cu-cs-vm thermald[706]: 13 CPUID levels; family:model:stepping 0x6:3c:3 (6:60:3)
Jun 15 21:49:42 cu-cs-vm thermald[706]: Polling mode is enabled: 4
Jun 15 21:49:42 cu-cs-vm thermald[706]: Thermal DTS: No coretemp sysfs found
Jun 15 21:49:42 cu-cs-vm thermald[706]: Thermal DTS or hwmon: No Zones present Need to configure manually
Jun 15 21:49:42 cu-cs-vm thermald[706]: No thermal sensors found
Jun 15 21:49:42 cu-cs-vm thermald[706]: THD engine start failed
Jun 15 21:49:42 cu-cs-vm avahi-daemon[759]: Successfully called chroot().
Jun 15 21:49:42 cu-cs-vm avahi-daemon[759]: Successfully dropped remaining capabilities.
Jun 15 21:49:42 cu-cs-vm dbus[765]: [system] Successfully activated service 'org.freedesktop.systemd1'
Jun 15 21:49:42 cu-cs-vm dbus[765]: [system] Activating via systemd: service name='org.freedesktop.PolicyKit1' unit='polkitd.service'
Jun 15 21:49:42 cu-cs-vm systemd[1]: Started Avahi mDNS/DNS-SD Stack.
Jun 15 21:49:42 cu-cs-vm avahi-daemon[759]: No service file found in /etc/avahi/services.
Jun 15 21:49:42 cu-cs-vm avahi-daemon[759]: Network interface enumeration completed.
Jun 15 21:49:42 cu-cs-vm avahi-daemon[759]: Server startup complete. Host name is cu-cs-vm.local. Local service cookie is 2478911243.
Jun 15 21:49:42 cu-cs-vm vboxadd-x11.sh: X.Org Server 1.18 modules installed.
Jun 15 21:49:42 cu-cs-vm vboxadd-x11.sh: Setting up the Window System to use the Guest Additions.
Jun 15 21:49:42 cu-cs-vm systemd[1]: Starting Network Manager...
Jun 15 21:49:42 cu-cs-vm vboxadd[757]: You may need to restart the Window System (or just restart the guest system)
Jun 15 21:49:42 cu-cs-vm vboxadd[757]: to enable the Guest Additions.
Jun 15 21:49:42 cu-cs-vm whoopsie[692]: [21:49:42] Using lock path: /var/lock/whoopsie/lock
Jun 15 21:49:42 cu-cs-vm vboxadd-x11.sh: Window System set up to use the Guest Additions.
Jun 15 21:49:42 cu-cs-vm vboxadd-x11.sh: Installing graphics libraries and desktop services components.
Jun 15 21:49:42 cu-cs-vm systemd[1]: Starting Accounts Service...
Jun 15 21:49:42 cu-cs-vm systemd[1]: Started CUPS Scheduler.
Jun 15 21:49:42 cu-cs-vm systemd[1]: Started Make remote CUPS printers available locally.
Jun 15 21:49:42 cu-cs-vm systemd[1]: Starting Initialize hardware monitoring sensors...
Jun 15 21:49:42 cu-cs-vm systemd[1]: Starting LSB: Record successful boot for GRUB...
Jun 15 21:49:42 cu-cs-vm systemd[1]: Starting LSB: automatic crash report generation...
Jun 15 21:49:42 cu-cs-vm systemd[1]: Started System Logging Service.
Jun 15 21:49:42 cu-cs-vm systemd[1]: Started Permit User Sessions.
Jun 15 21:49:42 cu-cs-vm systemd[1]: Started Detect the available GPUs and deal with any system changes.
Jun 15 21:49:42 cu-cs-vm systemd[1]: Started Thermal Daemon Service.
Jun 15 21:49:42 cu-cs-vm systemd[1]: Started vboxadd-x11.service.
Jun 15 21:49:42 cu-cs-vm systemd[1]: Started Restore /etc/resolv.conf if the system crashed before the ppp link was shut down.
Jun 15 21:49:42 cu-cs-vm systemd[1]: Started Auto import assertions from block devices.
Jun 15 21:49:42 cu-cs-vm systemd[1]: Started Save/Restore Sound Card State.
Jun 15 21:49:42 cu-cs-vm sensors[890]: No sensors found!
Jun 15 21:49:42 cu-cs-vm sensors[890]: Make sure you loaded all the kernel drivers you need.
Jun 15 21:49:42 cu-cs-vm sensors[890]: Try sensors-detect to find out which these are.
Jun 15 21:49:42 cu-cs-vm vboxadd-x11.sh: Window system drivers installed.
Jun 15 21:49:42 cu-cs-vm sensors[917]: No sensors found!
Jun 15 21:49:42 cu-cs-vm sensors[917]: Make sure you loaded all the kernel drivers you need.
Jun 15 21:49:42 cu-cs-vm sensors[917]: Try sensors-detect to find out which these are.
Jun 15 21:49:42 cu-cs-vm systemd[1]: Started Initialize hardware monitoring sensors.
Jun 15 21:49:42 cu-cs-vm systemd[1]: Started LSB: Execute the kexec -e command to reboot system.
Jun 15 21:49:42 cu-cs-vm whoopsie[692]: [21:49:42] Could not get the Network Manager state:
Jun 15 21:49:42 cu-cs-vm whoopsie[692]: [21:49:42] GDBus.Error:org.freedesktop.DBus.Error.ServiceUnknown: The name org.freedesktop.NetworkManager was not provided by any .service files
Jun 15 21:49:42 cu-cs-vm NetworkManager[872]: <info>  [1497584982.9888] NetworkManager (version 1.2.2) is starting...
Jun 15 21:49:42 cu-cs-vm NetworkManager[872]: <info>  [1497584982.9895] Read config: /etc/NetworkManager/NetworkManager.conf (etc: default-wifi-powersave-on.conf)
Jun 15 21:49:42 cu-cs-vm NetworkManager[872]: <info>  [1497584982.9953] manager[0x11431a0]: monitoring kernel firmware directory '/lib/firmware'.
Jun 15 21:49:42 cu-cs-vm NetworkManager[872]: <info>  [1497584982.9954] monitoring ifupdown state file '/run/network/ifstate'.
Jun 15 21:49:42 cu-cs-vm irqbalance[695]:  * Starting SMP IRQ Balancer: irqbalance
Jun 15 21:49:42 cu-cs-vm NetworkManager[872]: <info>  [1497584982.9983] dns-mgr[0x115a0a0]: set resolv-conf-mode: dnsmasq, plugin="dnsmasq"
Jun 15 21:49:42 cu-cs-vm NetworkManager[872]: <info>  [1497584982.9984] dns-mgr[0x115a0a0]: using resolv.conf manager 'resolvconf'
Jun 15 21:49:43 cu-cs-vm irqbalance[695]:    ...done.
Jun 15 21:49:43 cu-cs-vm systemd[1]: Started LSB: daemon to balance interrupts for SMP systems.
Jun 15 21:49:43 cu-cs-vm dbus[765]: [system] Activating via systemd: service name='org.freedesktop.nm_dispatcher' unit='dbus-org.freedesktop.nm-dispatcher.service'
Jun 15 21:49:43 cu-cs-vm systemd[1]: Started LSB: Set the CPU Frequency Scaling governor to "ondemand".
Jun 15 21:49:43 cu-cs-vm speech-dispatcher[761]:  * speech-dispatcher disabled; edit /etc/default/speech-dispatcher
Jun 15 21:49:43 cu-cs-vm systemd[1]: Started LSB: Speech Dispatcher.
Jun 15 21:49:43 cu-cs-vm apport[896]:  * Starting automatic crash report generation: apport
Jun 15 21:49:43 cu-cs-vm systemd[1]: Started Network Manager.
Jun 15 21:49:43 cu-cs-vm apport[896]:    ...done.
Jun 15 21:49:43 cu-cs-vm systemd[1]: Started Raise network interfaces.
Jun 15 21:49:43 cu-cs-vm systemd[1]: Started LSB: automatic crash report generation.
Jun 15 21:49:43 cu-cs-vm systemd[1]: Started LSB: Record successful boot for GRUB.
Jun 15 21:49:43 cu-cs-vm systemd[1]: Started Login Service.
Jun 15 21:49:43 cu-cs-vm systemd[1]: Starting Network Manager Script Dispatcher Service...
Jun 15 21:49:43 cu-cs-vm systemd[1]: Reached target Network.
Jun 15 21:49:43 cu-cs-vm systemd[1]: Starting OpenBSD Secure Shell server...
Jun 15 21:49:43 cu-cs-vm systemd[1]: Starting Network Manager Wait Online...
Jun 15 21:49:43 cu-cs-vm systemd[1]: Starting Authenticate and Authorize Users to Run Privileged Tasks...
Jun 15 21:49:43 cu-cs-vm systemd[1]: Starting LSB: Load kernel image with kexec...
Jun 15 21:49:43 cu-cs-vm systemd[1]: Starting Light Display Manager...
Jun 15 21:49:43 cu-cs-vm dbus[765]: [system] Successfully activated service 'org.freedesktop.nm_dispatcher'
Jun 15 21:49:43 cu-cs-vm systemd[1]: Started Network Manager Script Dispatcher Service.
Jun 15 21:49:43 cu-cs-vm systemd[1]: Started OpenBSD Secure Shell server.
Jun 15 21:49:43 cu-cs-vm NetworkManager[872]: <info>  [1497584983.1306] init!
Jun 15 21:49:43 cu-cs-vm NetworkManager[872]: <info>  [1497584983.1310] management mode: unmanaged
Jun 15 21:49:43 cu-cs-vm NetworkManager[872]: <info>  [1497584983.1314] devices added (path: /sys/devices/pci0000:00/0000:00:03.0/net/enp0s3, iface: enp0s3)
Jun 15 21:49:43 cu-cs-vm NetworkManager[872]: <info>  [1497584983.1314] device added (path: /sys/devices/pci0000:00/0000:00:03.0/net/enp0s3, iface: enp0s3): no ifupdown configuration found.
Jun 15 21:49:43 cu-cs-vm NetworkManager[872]: <info>  [1497584983.1315] devices added (path: /sys/devices/virtual/net/lo, iface: lo)
Jun 15 21:49:43 cu-cs-vm NetworkManager[872]: <info>  [1497584983.1315] device added (path: /sys/devices/virtual/net/lo, iface: lo): no ifupdown configuration found.
Jun 15 21:49:43 cu-cs-vm NetworkManager[872]: <info>  [1497584983.1315] end _init.
Jun 15 21:49:43 cu-cs-vm NetworkManager[872]: <info>  [1497584983.1315] settings: loaded plugin ifupdown: (C) 2008 Canonical Ltd.  To report bugs please use the NetworkManager mailing list. (/usr/lib/x86_64-linux-gnu/NetworkManager/libnm-settings-plugin-ifupdown.so)
Jun 15 21:49:43 cu-cs-vm NetworkManager[872]: <info>  [1497584983.1316] settings: loaded plugin keyfile: (c) 2007 - 2015 Red Hat, Inc.  To report bugs please use the NetworkManager mailing list.
Jun 15 21:49:43 cu-cs-vm NetworkManager[872]: <info>  [1497584983.1334] SettingsPlugin-Ofono: init!
Jun 15 21:49:43 cu-cs-vm NetworkManager[872]: <warn>  [1497584983.1335] SettingsPlugin-Ofono: file doesn't exist: /var/lib/ofono
Jun 15 21:49:43 cu-cs-vm NetworkManager[872]: <info>  [1497584983.1336] SettingsPlugin-Ofono: end _init.
Jun 15 21:49:43 cu-cs-vm NetworkManager[872]: <info>  [1497584983.1336] settings: loaded plugin ofono: (C) 2013-2016 Canonical Ltd.  To report bugs please use the NetworkManager mailing list. (/usr/lib/x86_64-linux-gnu/NetworkManager/libnm-settings-plugin-ofono.so)
Jun 15 21:49:43 cu-cs-vm NetworkManager[872]: <info>  [1497584983.1336] (18192592) ... get_connections.
Jun 15 21:49:43 cu-cs-vm NetworkManager[872]: <info>  [1497584983.1336] (18192592) ... get_connections (managed=false): return empty list.
Jun 15 21:49:43 cu-cs-vm NetworkManager[872]: <info>  [1497584983.1337] SettingsPlugin-Ofono: (18192752) ... get_connections.
Jun 15 21:49:43 cu-cs-vm NetworkManager[872]: <info>  [1497584983.1338] SettingsPlugin-Ofono: (18192752) connections count: 0
Jun 15 21:49:43 cu-cs-vm NetworkManager[872]: <info>  [1497584983.1338] get unmanaged devices count: 0
Jun 15 21:49:43 cu-cs-vm dbus[765]: [system] Activating via systemd: service name='org.freedesktop.hostname1' unit='dbus-org.freedesktop.hostname1.service'
Jun 15 21:49:43 cu-cs-vm systemd[1]: Started LSB: Load kernel image with kexec.
Jun 15 21:49:43 cu-cs-vm systemd[1]: Starting Hostname Service...
Jun 15 21:49:43 cu-cs-vm dbus[765]: [system] Activating via systemd: service name='org.freedesktop.Accounts' unit='accounts-daemon.service'
Jun 15 21:49:43 cu-cs-vm polkitd[1005]: started daemon version 0.105 using authority implementation `local' version `0.105'
Jun 15 21:49:43 cu-cs-vm dbus[765]: [system] Successfully activated service 'org.freedesktop.PolicyKit1'
Jun 15 21:49:43 cu-cs-vm systemd[1]: Started Authenticate and Authorize Users to Run Privileged Tasks.
Jun 15 21:49:43 cu-cs-vm accounts-daemon[884]: started daemon version 0.6.40
Jun 15 21:49:43 cu-cs-vm dbus[765]: [system] Successfully activated service 'org.freedesktop.Accounts'
Jun 15 21:49:43 cu-cs-vm systemd[1]: Started Accounts Service.
Jun 15 21:49:43 cu-cs-vm dbus[765]: [system] Successfully activated service 'org.freedesktop.hostname1'
Jun 15 21:49:43 cu-cs-vm systemd[1]: Started Hostname Service.
Jun 15 21:49:43 cu-cs-vm NetworkManager[872]: <info>  [1497584983.2381] settings: hostname: using hostnamed
Jun 15 21:49:43 cu-cs-vm NetworkManager[872]: <info>  [1497584983.2381] settings: hostname changed from (none) to "cu-cs-vm"
Jun 15 21:49:43 cu-cs-vm nm-dispatcher: req:1 'hostname': new request (1 scripts)
Jun 15 21:49:43 cu-cs-vm nm-dispatcher: req:1 'hostname': start running ordered scripts...
Jun 15 21:49:43 cu-cs-vm NetworkManager[872]: <info>  [1497584983.2471] Using DHCP client 'dhclient'
Jun 15 21:49:43 cu-cs-vm NetworkManager[872]: <info>  [1497584983.2472] manager: WiFi enabled by radio killswitch; enabled by state file
Jun 15 21:49:43 cu-cs-vm NetworkManager[872]: <info>  [1497584983.2473] manager: WWAN enabled by radio killswitch; enabled by state file
Jun 15 21:49:43 cu-cs-vm NetworkManager[872]: <info>  [1497584983.2473] manager: Networking is enabled by state file
Jun 15 21:49:43 cu-cs-vm NetworkManager[872]: <info>  [1497584983.2474] Loaded device plugin: NMVxlanFactory (internal)
Jun 15 21:49:43 cu-cs-vm NetworkManager[872]: <info>  [1497584983.2474] Loaded device plugin: NMVlanFactory (internal)
Jun 15 21:49:43 cu-cs-vm NetworkManager[872]: <info>  [1497584983.2474] Loaded device plugin: NMVethFactory (internal)
Jun 15 21:49:43 cu-cs-vm NetworkManager[872]: <info>  [1497584983.2474] Loaded device plugin: NMTunFactory (internal)
Jun 15 21:49:43 cu-cs-vm NetworkManager[872]: <info>  [1497584983.2474] Loaded device plugin: NMMacvlanFactory (internal)
Jun 15 21:49:43 cu-cs-vm NetworkManager[872]: <info>  [1497584983.2474] Loaded device plugin: NMIPTunnelFactory (internal)
Jun 15 21:49:43 cu-cs-vm NetworkManager[872]: <info>  [1497584983.2474] Loaded device plugin: NMInfinibandFactory (internal)
Jun 15 21:49:43 cu-cs-vm NetworkManager[872]: <info>  [1497584983.2475] Loaded device plugin: NMEthernetFactory (internal)
Jun 15 21:49:43 cu-cs-vm NetworkManager[872]: <info>  [1497584983.2475] Loaded device plugin: NMBridgeFactory (internal)
Jun 15 21:49:43 cu-cs-vm NetworkManager[872]: <info>  [1497584983.2475] Loaded device plugin: NMBondFactory (internal)
Jun 15 21:49:43 cu-cs-vm NetworkManager[872]: <info>  [1497584983.2538] Loaded device plugin: NMAtmManager (/usr/lib/x86_64-linux-gnu/NetworkManager/libnm-device-plugin-adsl.so)
Jun 15 21:49:43 cu-cs-vm NetworkManager[872]: <info>  [1497584983.2612] Loaded device plugin: NMBluezManager (/usr/lib/x86_64-linux-gnu/NetworkManager/libnm-device-plugin-bluetooth.so)
Jun 15 21:49:43 cu-cs-vm NetworkManager[872]: <info>  [1497584983.2644] Loaded device plugin: NMWwanFactory (/usr/lib/x86_64-linux-gnu/NetworkManager/libnm-device-plugin-wwan.so)
Jun 15 21:49:43 cu-cs-vm NetworkManager[872]: <info>  [1497584983.2667] Loaded device plugin: NMWifiFactory (/usr/lib/x86_64-linux-gnu/NetworkManager/libnm-device-plugin-wifi.so)
Jun 15 21:49:43 cu-cs-vm NetworkManager[872]: <info>  [1497584983.2681] manager: (enp0s3): new Ethernet device (/org/freedesktop/NetworkManager/Devices/0)
Jun 15 21:49:43 cu-cs-vm NetworkManager[872]: <info>  [1497584983.2688] keyfile: add connection in-memory (3cb7398d-64fc-314d-9632-075cea2280ac,"Wired connection 1")
Jun 15 21:49:43 cu-cs-vm NetworkManager[872]: <info>  [1497584983.2713] settings: (enp0s3): created default wired connection 'Wired connection 1'
Jun 15 21:49:43 cu-cs-vm NetworkManager[872]: <info>  [1497584983.2724] device (enp0s3): state change: unmanaged -> unavailable (reason 'managed') [10 20 2]
Jun 15 21:49:43 cu-cs-vm kernel: [    4.768476] IPv6: ADDRCONF(NETDEV_UP): enp0s3: link is not ready
Jun 15 21:49:43 cu-cs-vm kernel: [    4.771240] IPv6: ADDRCONF(NETDEV_UP): enp0s3: link is not ready
Jun 15 21:49:43 cu-cs-vm NetworkManager[872]: nm_device_get_device_type: assertion 'NM_IS_DEVICE (self)' failed
Jun 15 21:49:43 cu-cs-vm NetworkManager[872]: <info>  [1497584983.2777] device (lo): link connected
Jun 15 21:49:43 cu-cs-vm kernel: [    4.771852] e1000: enp0s3 NIC Link is Up 1000 Mbps Full Duplex, Flow Control: RX
Jun 15 21:49:43 cu-cs-vm kernel: [    4.772163] IPv6: ADDRCONF(NETDEV_CHANGE): enp0s3: link becomes ready
Jun 15 21:49:43 cu-cs-vm NetworkManager[872]: <info>  [1497584983.2781] manager: (lo): new Generic device (/org/freedesktop/NetworkManager/Devices/1)
Jun 15 21:49:43 cu-cs-vm NetworkManager[872]: <info>  [1497584983.2822] device (enp0s3): link connected
Jun 15 21:49:43 cu-cs-vm systemd[1]: Started Modem Manager.
Jun 15 21:49:43 cu-cs-vm NetworkManager[872]: <info>  [1497584983.2839] urfkill disappeared from the bus
Jun 15 21:49:43 cu-cs-vm NetworkManager[872]: <info>  [1497584983.2851] device (enp0s3): state change: unavailable -> disconnected (reason 'carrier-changed') [20 30 40]
Jun 15 21:49:43 cu-cs-vm NetworkManager[872]: <info>  [1497584983.2881] policy: auto-activating connection 'Wired connection 1'
Jun 15 21:49:43 cu-cs-vm NetworkManager[872]: <info>  [1497584983.2888] device (enp0s3): Activation: starting connection 'Wired connection 1' (3cb7398d-64fc-314d-9632-075cea2280ac)
Jun 15 21:49:43 cu-cs-vm NetworkManager[872]: <info>  [1497584983.2889] device (enp0s3): state change: disconnected -> prepare (reason 'none') [30 40 0]
Jun 15 21:49:43 cu-cs-vm NetworkManager[872]: <info>  [1497584983.2890] manager: NetworkManager state is now CONNECTING
Jun 15 21:49:43 cu-cs-vm NetworkManager[872]: <info>  [1497584983.2892] device (enp0s3): state change: prepare -> config (reason 'none') [40 50 0]
Jun 15 21:49:43 cu-cs-vm NetworkManager[872]: <info>  [1497584983.2899] device (enp0s3): state change: config -> ip-config (reason 'none') [50 70 0]
Jun 15 21:49:43 cu-cs-vm NetworkManager[872]: <info>  [1497584983.2906] dhcp4 (enp0s3): activation: beginning transaction (timeout in 45 seconds)
Jun 15 21:49:43 cu-cs-vm whoopsie[692]: [21:49:43] offline
Jun 15 21:49:43 cu-cs-vm NetworkManager[872]: <info>  [1497584983.2966] dhcp4 (enp0s3): dhclient started with pid 1040
Jun 15 21:49:43 cu-cs-vm NetworkManager[872]: <info>  [1497584983.3006] ModemManager available in the bus
Jun 15 21:49:43 cu-cs-vm systemd[1]: Started Light Display Manager.
Jun 15 21:49:43 cu-cs-vm NetworkManager[872]: <info>  [1497584983.3018] ofono is now available
Jun 15 21:49:43 cu-cs-vm NetworkManager[872]: <warn>  [1497584983.3033] failed to enumerate oFono devices: GDBus.Error:org.freedesktop.DBus.Error.ServiceUnknown: The name org.ofono was not provided by any .service files
Jun 15 21:49:43 cu-cs-vm dhclient[1040]: DHCPREQUEST of 10.0.2.15 on enp0s3 to 255.255.255.255 port 67 (xid=0x700f2d4e)
Jun 15 21:49:43 cu-cs-vm dhclient[1040]: DHCPACK of 10.0.2.15 from 10.0.2.2
Jun 15 21:49:43 cu-cs-vm NetworkManager[872]: <info>  [1497584983.3352]   address 10.0.2.15
Jun 15 21:49:43 cu-cs-vm NetworkManager[872]: <info>  [1497584983.3354]   plen 24 (255.255.255.0)
Jun 15 21:49:43 cu-cs-vm NetworkManager[872]: <info>  [1497584983.3355]   gateway 10.0.2.2
Jun 15 21:49:43 cu-cs-vm NetworkManager[872]: <info>  [1497584983.3357]   server identifier 10.0.2.2
Jun 15 21:49:43 cu-cs-vm NetworkManager[872]: <info>  [1497584983.3359]   lease time 86400
Jun 15 21:49:43 cu-cs-vm NetworkManager[872]: <info>  [1497584983.3360]   nameserver '10.0.2.3'
Jun 15 21:49:43 cu-cs-vm NetworkManager[872]: <info>  [1497584983.3369]   domain name 'hsd1.co.comcast.net'
Jun 15 21:49:43 cu-cs-vm NetworkManager[872]: <info>  [1497584983.3374] dhcp4 (enp0s3): state changed unknown -> bound
Jun 15 21:49:43 cu-cs-vm avahi-daemon[759]: Joining mDNS multicast group on interface enp0s3.IPv4 with address 10.0.2.15.
Jun 15 21:49:43 cu-cs-vm dhclient[1040]: bound to 10.0.2.15 -- renewal in 32791 seconds.
Jun 15 21:49:43 cu-cs-vm avahi-daemon[759]: New relevant interface enp0s3.IPv4 for mDNS.
Jun 15 21:49:43 cu-cs-vm avahi-daemon[759]: Registering new address record for 10.0.2.15 on enp0s3.IPv4.
Jun 15 21:49:43 cu-cs-vm NetworkManager[872]: <info>  [1497584983.3403] device (enp0s3): state change: ip-config -> ip-check (reason 'none') [70 80 0]
Jun 15 21:49:43 cu-cs-vm NetworkManager[872]: <info>  [1497584983.3419] device (enp0s3): state change: ip-check -> secondaries (reason 'none') [80 90 0]
Jun 15 21:49:43 cu-cs-vm NetworkManager[872]: <info>  [1497584983.3434] device (enp0s3): state change: secondaries -> activated (reason 'none') [90 100 0]
Jun 15 21:49:43 cu-cs-vm NetworkManager[872]: <info>  [1497584983.3436] manager: NetworkManager state is now CONNECTED_LOCAL
Jun 15 21:49:43 cu-cs-vm NetworkManager[872]: <info>  [1497584983.3449] manager: NetworkManager state is now CONNECTED_GLOBAL
Jun 15 21:49:43 cu-cs-vm NetworkManager[872]: <info>  [1497584983.3450] policy: set 'Wired connection 1' (enp0s3) as default for IPv4 routing and DNS
Jun 15 21:49:43 cu-cs-vm NetworkManager[872]: <info>  [1497584983.3460] dns-plugin[0x112b4a0]: starting dnsmasq...
Jun 15 21:49:43 cu-cs-vm NetworkManager[872]: <info>  [1497584983.3560] dns-mgr: Writing DNS information to /sbin/resolvconf
Jun 15 21:49:43 cu-cs-vm whoopsie[692]: [21:49:43] Cannot reach: https://daisy.ubuntu.com
Jun 15 21:49:43 cu-cs-vm dnsmasq[1055]: started, version 2.75 cache disabled
Jun 15 21:49:43 cu-cs-vm dnsmasq[1055]: compile time options: IPv6 GNU-getopt DBus i18n IDN DHCP DHCPv6 no-Lua TFTP conntrack ipset auth DNSSEC loop-detect inotify
Jun 15 21:49:43 cu-cs-vm dnsmasq[1055]: DBus support enabled: connected to system bus
Jun 15 21:49:43 cu-cs-vm dnsmasq[1055]: warning: no upstream servers configured
Jun 15 21:49:43 cu-cs-vm NetworkManager[872]: <info>  [1497584983.9083] device (enp0s3): Activation: successful, device activated.
Jun 15 21:49:43 cu-cs-vm nm-dispatcher: req:2 'up' [enp0s3]: new request (1 scripts)
Jun 15 21:49:43 cu-cs-vm nm-dispatcher: req:2 'up' [enp0s3]: start running ordered scripts...
Jun 15 21:49:43 cu-cs-vm NetworkManager[872]: <info>  [1497584983.9120] dnsmasq[0x112b4a0]: dnsmasq appeared as :1.20
Jun 15 21:49:43 cu-cs-vm dnsmasq[1055]: setting upstream servers from DBus
Jun 15 21:49:43 cu-cs-vm dnsmasq[1055]: using nameserver 10.0.2.3#53
Jun 15 21:49:43 cu-cs-vm whoopsie[692]: [21:49:43] The default IPv4 route is: /org/freedesktop/NetworkManager/ActiveConnection/0
Jun 15 21:49:43 cu-cs-vm whoopsie[692]: [21:49:43] Not a paid data plan: /org/freedesktop/NetworkManager/ActiveConnection/0
Jun 15 21:49:43 cu-cs-vm whoopsie[692]: [21:49:43] Found usable connection: /org/freedesktop/NetworkManager/ActiveConnection/0
Jun 15 21:49:43 cu-cs-vm whoopsie[692]: [21:49:43] online
Jun 15 21:49:43 cu-cs-vm systemd[1]: Reloading OpenBSD Secure Shell server.
Jun 15 21:49:44 cu-cs-vm systemd[1]: Reloaded OpenBSD Secure Shell server.
Jun 15 21:49:44 cu-cs-vm vboxadd.sh: .
Jun 15 21:49:44 cu-cs-vm systemd[1]: Started vboxadd.service.
Jun 15 21:49:44 cu-cs-vm systemd[1]: Starting vboxadd-service.service...
Jun 15 21:49:44 cu-cs-vm vboxadd-service[1222]: vboxadd-service.sh: Starting VirtualBox Guest Addition service.
Jun 15 21:49:44 cu-cs-vm vboxadd-service.sh: Starting VirtualBox Guest Addition service.
Jun 15 21:49:44 cu-cs-vm kernel: [    5.737121] VBoxService 5.1.12 r112440 (verbosity: 0) linux.amd64 (Dec 20 2016 16:42:39) release log
Jun 15 21:49:44 cu-cs-vm kernel: [    5.737121] 00:00:00.000061 main     Log opened 2017-06-16T03:49:44.241305000Z
Jun 15 21:49:44 cu-cs-vm kernel: [    5.737151] 00:00:00.000138 main     OS Product: Linux
Jun 15 21:49:44 cu-cs-vm kernel: [    5.737164] 00:00:00.000155 main     OS Release: 4.4.67lucas-revision-1
Jun 15 21:49:44 cu-cs-vm kernel: [    5.737179] 00:00:00.000168 main     OS Version: #2 SMP Thu Jun 15 21:45:58 MDT 2017
Jun 15 21:49:44 cu-cs-vm kernel: [    5.737195] 00:00:00.000182 main     Executable: /opt/VBoxGuestAdditions-5.1.12/sbin/VBoxService
Jun 15 21:49:44 cu-cs-vm kernel: [    5.737195] 00:00:00.000182 main     Process ID: 1233
Jun 15 21:49:44 cu-cs-vm kernel: [    5.737195] 00:00:00.000183 main     Package type: LINUX_64BITS_GENERIC
Jun 15 21:49:44 cu-cs-vm kernel: [    5.738620] 00:00:00.001595 main     5.1.12 r112440 started. Verbose level = 0
Jun 15 21:49:44 cu-cs-vm vboxadd-service.sh: VirtualBox Guest Addition service started.
Jun 15 21:49:44 cu-cs-vm systemd[1]: Started vboxadd-service.service.
Jun 15 21:49:44 cu-cs-vm systemd[1]: Created slice User Slice of user.
Jun 15 21:49:44 cu-cs-vm systemd[1]: Starting User Manager for UID 1000...
Jun 15 21:49:44 cu-cs-vm systemd[1]: Started Session c1 of user user.
Jun 15 21:49:44 cu-cs-vm systemd[1252]: Reached target Timers.
Jun 15 21:49:44 cu-cs-vm systemd[1252]: Reached target Paths.
Jun 15 21:49:44 cu-cs-vm systemd[1252]: Reached target Sockets.
Jun 15 21:49:44 cu-cs-vm systemd[1252]: Reached target Basic System.
Jun 15 21:49:44 cu-cs-vm systemd[1252]: Reached target Default.
Jun 15 21:49:44 cu-cs-vm systemd[1252]: Startup finished in 11ms.
Jun 15 21:49:44 cu-cs-vm systemd[1]: Started User Manager for UID 1000.
Jun 15 21:49:44 cu-cs-vm avahi-daemon[759]: Joining mDNS multicast group on interface enp0s3.IPv6 with address fe80::76b7:2954:5ccf:231c.
Jun 15 21:49:44 cu-cs-vm avahi-daemon[759]: New relevant interface enp0s3.IPv6 for mDNS.
Jun 15 21:49:44 cu-cs-vm avahi-daemon[759]: Registering new address record for fe80::76b7:2954:5ccf:231c on enp0s3.*.
Jun 15 21:49:45 cu-cs-vm ModemManager[763]: <info>  Couldn't find support for device at '/sys/devices/pci0000:00/0000:00:03.0': not supported by any plugin
Jun 15 21:49:46 cu-cs-vm dbus[765]: [system] Activating via systemd: service name='org.freedesktop.RealtimeKit1' unit='rtkit-daemon.service'
Jun 15 21:49:46 cu-cs-vm dbus[765]: [system] Activating via systemd: service name='org.freedesktop.UPower' unit='upower.service'
Jun 15 21:49:46 cu-cs-vm systemd[1]: Starting RealtimeKit Scheduling Policy Service...
Jun 15 21:49:46 cu-cs-vm systemd[1]: Starting Daemon for power management...
Jun 15 21:49:46 cu-cs-vm dbus[765]: [system] Successfully activated service 'org.freedesktop.RealtimeKit1'
Jun 15 21:49:46 cu-cs-vm systemd[1]: Started RealtimeKit Scheduling Policy Service.
Jun 15 21:49:46 cu-cs-vm rtkit-daemon[1525]: Successfully called chroot.
Jun 15 21:49:46 cu-cs-vm rtkit-daemon[1525]: Successfully dropped privileges.
Jun 15 21:49:46 cu-cs-vm rtkit-daemon[1525]: Successfully limited resources.
Jun 15 21:49:46 cu-cs-vm rtkit-daemon[1525]: Running.
Jun 15 21:49:46 cu-cs-vm rtkit-daemon[1525]: Watchdog thread running.
Jun 15 21:49:46 cu-cs-vm rtkit-daemon[1525]: Canary thread running.
Jun 15 21:49:46 cu-cs-vm dbus[765]: [system] Successfully activated service 'org.freedesktop.UPower'
Jun 15 21:49:46 cu-cs-vm systemd[1]: Started Daemon for power management.
Jun 15 21:49:46 cu-cs-vm org.a11y.Bus[1391]: Activating service name='org.a11y.atspi.Registry'
Jun 15 21:49:46 cu-cs-vm org.a11y.Bus[1391]: ** (process:1588): WARNING **: Failed to register client: GDBus.Error:org.freedesktop.DBus.Error.ServiceUnknown: The name org.gnome.SessionManager was not provided by any .service files
Jun 15 21:49:46 cu-cs-vm org.a11y.Bus[1391]: Successfully activated service 'org.a11y.atspi.Registry'
Jun 15 21:49:46 cu-cs-vm org.a11y.atspi.Registry[1634]: SpiRegistry daemon is running with well-known name - org.a11y.atspi.Registry
Jun 15 21:49:46 cu-cs-vm rtkit-daemon[1525]: Successfully made thread 1523 of process 1523 (n/a) owned by '1000' high priority at nice level -11.
Jun 15 21:49:46 cu-cs-vm rtkit-daemon[1525]: Supervising 1 threads of 1 processes of 1 users.
Jun 15 21:49:46 cu-cs-vm pulseaudio[1523]: [pulseaudio] alsa-util.c: Disabling timer-based scheduling because running inside a VM.
Jun 15 21:49:46 cu-cs-vm pulseaudio[1523]: [pulseaudio] sink.c: Default and alternate sample rates are the same.
Jun 15 21:49:46 cu-cs-vm rtkit-daemon[1525]: Supervising 1 threads of 1 processes of 1 users.
Jun 15 21:49:46 cu-cs-vm rtkit-daemon[1525]: Successfully made thread 1653 of process 1523 (n/a) owned by '1000' RT at priority 5.
Jun 15 21:49:46 cu-cs-vm rtkit-daemon[1525]: Supervising 2 threads of 1 processes of 1 users.
Jun 15 21:49:46 cu-cs-vm pulseaudio[1523]: [pulseaudio] alsa-util.c: Disabling timer-based scheduling because running inside a VM.
Jun 15 21:49:46 cu-cs-vm rtkit-daemon[1525]: Supervising 2 threads of 1 processes of 1 users.
Jun 15 21:49:46 cu-cs-vm rtkit-daemon[1525]: Successfully made thread 1655 of process 1523 (n/a) owned by '1000' RT at priority 5.
Jun 15 21:49:46 cu-cs-vm rtkit-daemon[1525]: Supervising 3 threads of 1 processes of 1 users.
Jun 15 21:49:46 cu-cs-vm rtkit-daemon[1525]: Successfully made thread 1661 of process 1661 (n/a) owned by '1000' high priority at nice level -11.
Jun 15 21:49:46 cu-cs-vm rtkit-daemon[1525]: Supervising 4 threads of 2 processes of 1 users.
Jun 15 21:49:46 cu-cs-vm pulseaudio[1661]: [pulseaudio] pid.c: Daemon already running.
Jun 15 21:49:47 cu-cs-vm dbus[765]: [system] Activating via systemd: service name='org.freedesktop.UDisks2' unit='udisks2.service'
Jun 15 21:49:47 cu-cs-vm systemd[1]: Starting Disk Manager...
Jun 15 21:49:47 cu-cs-vm udisksd[1709]: udisks daemon version 2.1.7 starting
Jun 15 21:49:47 cu-cs-vm dbus[765]: [system] Successfully activated service 'org.freedesktop.UDisks2'
Jun 15 21:49:47 cu-cs-vm systemd[1]: Started Disk Manager.
Jun 15 21:49:47 cu-cs-vm udisksd[1709]: Acquired the name org.freedesktop.UDisks2 on the system message bus
Jun 15 21:49:48 cu-cs-vm org.gtk.vfs.AfcVolumeMonitor[1391]: Volume monitor alive
Jun 15 21:49:48 cu-cs-vm dbus[765]: [system] Activating via systemd: service name='org.bluez' unit='dbus-org.bluez.service'
Jun 15 21:49:48 cu-cs-vm accounts-daemon[884]: (accounts-daemon:884): GLib-GIO-CRITICAL **: g_file_info_get_file_type: assertion 'G_IS_FILE_INFO (info)' failed
Jun 15 21:49:48 cu-cs-vm accounts-daemon[884]: (accounts-daemon:884): GLib-GObject-CRITICAL **: g_object_unref: assertion 'G_IS_OBJECT (object)' failed
Jun 15 21:49:48 cu-cs-vm NetworkManager[872]: <info>  [1497584988.7264] manager: startup complete
Jun 15 21:49:48 cu-cs-vm systemd[1]: Started Network Manager Wait Online.
Jun 15 21:49:48 cu-cs-vm systemd[1]: Reached target Network is Online.
Jun 15 21:49:48 cu-cs-vm systemd[1]: Starting LSB: disk temperature monitoring daemon...
Jun 15 21:49:48 cu-cs-vm systemd[1]: Starting /etc/rc.local Compatibility...
Jun 15 21:49:48 cu-cs-vm systemd[1]: Started /etc/rc.local Compatibility.
Jun 15 21:49:48 cu-cs-vm systemd[1]: Starting Hold until boot process finishes up...
Jun 15 21:49:48 cu-cs-vm systemd[1]: Started LSB: disk temperature monitoring daemon.
Jun 15 21:49:48 cu-cs-vm systemd[1]: Started Hold until boot process finishes up.
Jun 15 21:49:48 cu-cs-vm systemd[1]: Started Getty on tty1.
Jun 15 21:49:48 cu-cs-vm systemd[1]: Reached target Login Prompts.
Jun 15 21:49:48 cu-cs-vm systemd[1]: Reached target Multi-User System.
Jun 15 21:49:48 cu-cs-vm systemd[1]: Reached target Graphical Interface.
Jun 15 21:49:48 cu-cs-vm systemd[1]: Starting Update UTMP about System Runlevel Changes...
Jun 15 21:49:48 cu-cs-vm systemd[1]: Starting Set console scheme...
Jun 15 21:49:48 cu-cs-vm systemd[1]: Started Update UTMP about System Runlevel Changes.
Jun 15 21:49:48 cu-cs-vm systemd[1]: Started Set console scheme.
Jun 15 21:49:48 cu-cs-vm systemd[1]: Startup finished in 2.310s (kernel) + 7.891s (userspace) = 10.202s.
Jun 15 21:49:51 cu-cs-vm systemd[1]: Started Daemon for generating UUIDs.
Jun 15 21:49:52 cu-cs-vm kernel: [   13.957796] random: nonblocking pool is initialized
Jun 15 21:49:53 cu-cs-vm NetworkManager[872]: <info>  [1497584993.7238] WiFi hardware radio set enabled
Jun 15 21:49:53 cu-cs-vm NetworkManager[872]: <info>  [1497584993.7240] WWAN hardware radio set enabled
Jun 15 21:50:13 cu-cs-vm dbus[765]: [system] Activating via systemd: service name='org.bluez' unit='dbus-org.bluez.service'
Jun 15 21:50:13 cu-cs-vm obexd[1891]: OBEX daemon 5.37
Jun 15 21:50:13 cu-cs-vm dbus[765]: [system] Activating service name='org.blueman.Mechanism' (using servicehelper)
Jun 15 21:50:13 cu-cs-vm org.blueman.Mechanism[765]: Failed to connect to Mir: Failed to connect to server socket: No such file or directory
Jun 15 21:50:13 cu-cs-vm org.blueman.Mechanism[765]: Unable to init server: Could not connect: Connection refused
Jun 15 21:50:13 cu-cs-vm org.blueman.Mechanism[765]: Failed to connect to Mir: Failed to connect to server socket: No such file or directory
Jun 15 21:50:13 cu-cs-vm org.blueman.Mechanism[765]: Unable to init server: Could not connect: Connection refused
Jun 15 21:50:13 cu-cs-vm blueman-mechanism: Starting blueman-mechanism
Jun 15 21:50:13 cu-cs-vm dbus[765]: [system] Successfully activated service 'org.blueman.Mechanism'
Jun 15 21:50:13 cu-cs-vm org.blueman.Mechanism[765]: (blueman-mechanism:1896): Gtk-CRITICAL **: gtk_icon_theme_get_for_screen: assertion 'GDK_IS_SCREEN (screen)' failed
Jun 15 21:50:13 cu-cs-vm blueman-mechanism: loading Network
